Archive member included to satisfy reference by file (symbol)

c:/st/stm32cubeide_1.8.0/stm32cubeide/plugins/com.st.stm32cube.ide.mcu.externaltools.gnu-tools-for-stm32.9-2020-q2-update.win32_2.0.0.202105311346/tools/bin/../lib/gcc/arm-none-eabi/9.3.1/../../../../arm-none-eabi/lib/thumb/v7e-m+fp/hard\libc_nano.a(lib_a-errno.o)
                              ./Core/Src/syscalls.o (__errno)
c:/st/stm32cubeide_1.8.0/stm32cubeide/plugins/com.st.stm32cube.ide.mcu.externaltools.gnu-tools-for-stm32.9-2020-q2-update.win32_2.0.0.202105311346/tools/bin/../lib/gcc/arm-none-eabi/9.3.1/../../../../arm-none-eabi/lib/thumb/v7e-m+fp/hard\libc_nano.a(lib_a-exit.o)
                              c:/st/stm32cubeide_1.8.0/stm32cubeide/plugins/com.st.stm32cube.ide.mcu.externaltools.gnu-tools-for-stm32.9-2020-q2-update.win32_2.0.0.202105311346/tools/bin/../lib/gcc/arm-none-eabi/9.3.1/../../../../arm-none-eabi/lib/thumb/v7e-m+fp/hard/crt0.o (exit)
c:/st/stm32cubeide_1.8.0/stm32cubeide/plugins/com.st.stm32cube.ide.mcu.externaltools.gnu-tools-for-stm32.9-2020-q2-update.win32_2.0.0.202105311346/tools/bin/../lib/gcc/arm-none-eabi/9.3.1/../../../../arm-none-eabi/lib/thumb/v7e-m+fp/hard\libc_nano.a(lib_a-findfp.o)
                              ./Middlewares/Third_Party/FreeRTOS/Source/tasks.o (__sf_fake_stderr)
c:/st/stm32cubeide_1.8.0/stm32cubeide/plugins/com.st.stm32cube.ide.mcu.externaltools.gnu-tools-for-stm32.9-2020-q2-update.win32_2.0.0.202105311346/tools/bin/../lib/gcc/arm-none-eabi/9.3.1/../../../../arm-none-eabi/lib/thumb/v7e-m+fp/hard\libc_nano.a(lib_a-fwalk.o)
                              c:/st/stm32cubeide_1.8.0/stm32cubeide/plugins/com.st.stm32cube.ide.mcu.externaltools.gnu-tools-for-stm32.9-2020-q2-update.win32_2.0.0.202105311346/tools/bin/../lib/gcc/arm-none-eabi/9.3.1/../../../../arm-none-eabi/lib/thumb/v7e-m+fp/hard\libc_nano.a(lib_a-findfp.o) (_fwalk)
c:/st/stm32cubeide_1.8.0/stm32cubeide/plugins/com.st.stm32cube.ide.mcu.externaltools.gnu-tools-for-stm32.9-2020-q2-update.win32_2.0.0.202105311346/tools/bin/../lib/gcc/arm-none-eabi/9.3.1/../../../../arm-none-eabi/lib/thumb/v7e-m+fp/hard\libc_nano.a(lib_a-impure.o)
                              c:/st/stm32cubeide_1.8.0/stm32cubeide/plugins/com.st.stm32cube.ide.mcu.externaltools.gnu-tools-for-stm32.9-2020-q2-update.win32_2.0.0.202105311346/tools/bin/../lib/gcc/arm-none-eabi/9.3.1/../../../../arm-none-eabi/lib/thumb/v7e-m+fp/hard\libc_nano.a(lib_a-exit.o) (_global_impure_ptr)
c:/st/stm32cubeide_1.8.0/stm32cubeide/plugins/com.st.stm32cube.ide.mcu.externaltools.gnu-tools-for-stm32.9-2020-q2-update.win32_2.0.0.202105311346/tools/bin/../lib/gcc/arm-none-eabi/9.3.1/../../../../arm-none-eabi/lib/thumb/v7e-m+fp/hard\libc_nano.a(lib_a-init.o)
                              c:/st/stm32cubeide_1.8.0/stm32cubeide/plugins/com.st.stm32cube.ide.mcu.externaltools.gnu-tools-for-stm32.9-2020-q2-update.win32_2.0.0.202105311346/tools/bin/../lib/gcc/arm-none-eabi/9.3.1/../../../../arm-none-eabi/lib/thumb/v7e-m+fp/hard/crt0.o (__libc_init_array)
c:/st/stm32cubeide_1.8.0/stm32cubeide/plugins/com.st.stm32cube.ide.mcu.externaltools.gnu-tools-for-stm32.9-2020-q2-update.win32_2.0.0.202105311346/tools/bin/../lib/gcc/arm-none-eabi/9.3.1/../../../../arm-none-eabi/lib/thumb/v7e-m+fp/hard\libc_nano.a(lib_a-lock.o)
                              c:/st/stm32cubeide_1.8.0/stm32cubeide/plugins/com.st.stm32cube.ide.mcu.externaltools.gnu-tools-for-stm32.9-2020-q2-update.win32_2.0.0.202105311346/tools/bin/../lib/gcc/arm-none-eabi/9.3.1/../../../../arm-none-eabi/lib/thumb/v7e-m+fp/hard\libc_nano.a(lib_a-findfp.o) (__retarget_lock_init_recursive)
c:/st/stm32cubeide_1.8.0/stm32cubeide/plugins/com.st.stm32cube.ide.mcu.externaltools.gnu-tools-for-stm32.9-2020-q2-update.win32_2.0.0.202105311346/tools/bin/../lib/gcc/arm-none-eabi/9.3.1/../../../../arm-none-eabi/lib/thumb/v7e-m+fp/hard\libc_nano.a(lib_a-memcpy-stub.o)
                              ./Middlewares/Third_Party/FreeRTOS/Source/queue.o (memcpy)
c:/st/stm32cubeide_1.8.0/stm32cubeide/plugins/com.st.stm32cube.ide.mcu.externaltools.gnu-tools-for-stm32.9-2020-q2-update.win32_2.0.0.202105311346/tools/bin/../lib/gcc/arm-none-eabi/9.3.1/../../../../arm-none-eabi/lib/thumb/v7e-m+fp/hard\libc_nano.a(lib_a-memset.o)
                              c:/st/stm32cubeide_1.8.0/stm32cubeide/plugins/com.st.stm32cube.ide.mcu.externaltools.gnu-tools-for-stm32.9-2020-q2-update.win32_2.0.0.202105311346/tools/bin/../lib/gcc/arm-none-eabi/9.3.1/../../../../arm-none-eabi/lib/thumb/v7e-m+fp/hard/crt0.o (memset)
c:/st/stm32cubeide_1.8.0/stm32cubeide/plugins/com.st.stm32cube.ide.mcu.externaltools.gnu-tools-for-stm32.9-2020-q2-update.win32_2.0.0.202105311346/tools/bin/../lib/gcc/arm-none-eabi/9.3.1/../../../../arm-none-eabi/lib/thumb/v7e-m+fp/hard\libc_nano.a(lib_a-nano-mallocr.o)
[...]
Memory Configuration

Name             Origin             Length             Attributes
CCMRAM           0x0000000010000000 0x0000000000010000 xrw
RAM              0x0000000020000000 0x0000000000020000 xrw
FLASH            0x0000000008010000 0x0000000000070000 xr
*default*        0x0000000000000000 0xffffffffffffffff

Linker script and memory map

LOAD c:/st/stm32cubeide_1.8.0/stm32cubeide/plugins/com.st.stm32cube.ide.mcu.externaltools.gnu-tools-for-stm32.9-2020-q2-update.win32_2.0.0.202105311346/tools/bin/../lib/gcc/arm-none-eabi/9.3.1/thumb/v7e-m+fp/hard/crti.o
LOAD c:/st/stm32cubeide_1.8.0/stm32cubeide/plugins/com.st.stm32cube.ide.mcu.externaltools.gnu-tools-for-stm32.9-2020-q2-update.win32_2.0.0.202105311346/tools/bin/../lib/gcc/arm-none-eabi/9.3.1/thumb/v7e-m+fp/hard/crtbegin.o
LOAD c:/st/stm32cubeide_1.8.0/stm32cubeide/plugins/com.st.stm32cube.ide.mcu.externaltools.gnu-tools-for-stm32.9-2020-q2-update.win32_2.0.0.202105311346/tools/bin/../lib/gcc/arm-none-eabi/9.3.1/../../../../arm-none-eabi/lib/thumb/v7e-m+fp/hard/crt0.o
LOAD ./Core/Src/freertos.o
LOAD ./Core/Src/main.o
LOAD ./Core/Src/stm32f4xx_hal_msp.o
LOAD ./Core/Src/stm32f4xx_hal_timebase_tim.o
LOAD ./Core/Src/stm32f4xx_it.o
LOAD ./Core/Src/syscalls.o
LOAD ./Core/Src/sysmem.o
LOAD ./Core/Src/system_stm32f4xx.o
LOAD ./Core/Startup/startup_stm32f407vetx.o
LOAD ./Drivers/STM32F4xx_HAL_Driver/Src/stm32f4xx_hal.o
LOAD ./Drivers/STM32F4xx_HAL_Driver/Src/stm32f4xx_hal_adc.o
LOAD ./Drivers/STM32F4xx_HAL_Driver/Src/stm32f4xx_hal_adc_ex.o
LOAD ./Drivers/STM32F4xx_HAL_Driver/Src/stm32f4xx_hal_cortex.o
LOAD ./Drivers/STM32F4xx_HAL_Driver/Src/stm32f4xx_hal_dma.o
LOAD ./Drivers/STM32F4xx_HAL_Driver/Src/stm32f4xx_hal_dma_ex.o
LOAD ./Drivers/STM32F4xx_HAL_Driver/Src/stm32f4xx_hal_exti.o
LOAD ./Drivers/STM32F4xx_HAL_Driver/Src/stm32f4xx_hal_flash.o
LOAD ./Drivers/STM32F4xx_HAL_Driver/Src/stm32f4xx_hal_flash_ex.o
LOAD ./Drivers/STM32F4xx_HAL_Driver/Src/stm32f4xx_hal_flash_ramfunc.o
LOAD ./Drivers/STM32F4xx_HAL_Driver/Src/stm32f4xx_hal_gpio.o
LOAD ./Drivers/STM32F4xx_HAL_Driver/Src/stm32f4xx_hal_i2c.o
LOAD ./Drivers/STM32F4xx_HAL_Driver/Src/stm32f4xx_hal_i2c_ex.o
LOAD ./Drivers/STM32F4xx_HAL_Driver/Src/stm32f4xx_hal_iwdg.o
LOAD ./Drivers/STM32F4xx_HAL_Driver/Src/stm32f4xx_hal_pwr.o
LOAD ./Drivers/STM32F4xx_HAL_Driver/Src/stm32f4xx_hal_pwr_ex.o
LOAD ./Drivers/STM32F4xx_HAL_Driver/Src/stm32f4xx_hal_rcc.o
LOAD ./Drivers/STM32F4xx_HAL_Driver/Src/stm32f4xx_hal_rcc_ex.o
LOAD ./Drivers/STM32F4xx_HAL_Driver/Src/stm32f4xx_hal_rtc.o
LOAD ./Drivers/STM32F4xx_HAL_Driver/Src/stm32f4xx_hal_rtc_ex.o
LOAD ./Drivers/STM32F4xx_HAL_Driver/Src/stm32f4xx_hal_spi.o
LOAD ./Drivers/STM32F4xx_HAL_Driver/Src/stm32f4xx_hal_tim.o
LOAD ./Drivers/STM32F4xx_HAL_Driver/Src/stm32f4xx_hal_tim_ex.o
LOAD ./Drivers/STM32F4xx_HAL_Driver/Src/stm32f4xx_hal_uart.o
LOAD ./Drivers/STM32F4xx_HAL_Driver/Src/stm32f4xx_ll_adc.o
LOAD ./Middlewares/Third_Party/FreeRTOS/Source/CMSIS_RTOS/cmsis_os.o
LOAD ./Middlewares/Third_Party/FreeRTOS/Source/croutine.o
LOAD ./Middlewares/Third_Party/FreeRTOS/Source/event_groups.o
LOAD ./Middlewares/Third_Party/FreeRTOS/Source/list.o
LOAD ./Middlewares/Third_Party/FreeRTOS/Source/queue.o
LOAD ./Middlewares/Third_Party/FreeRTOS/Source/stream_buffer.o
LOAD ./Middlewares/Third_Party/FreeRTOS/Source/tasks.o
LOAD ./Middlewares/Third_Party/FreeRTOS/Source/timers.o
LOAD ./Middlewares/Third_Party/FreeRTOS/Source/portable/GCC/ARM_CM4F/port.o
LOAD ./Middlewares/Third_Party/FreeRTOS/Source/portable/MemMang/heap_4.o
LOAD ./User/ArmingTask.o
LOAD ./User/CallRingCenteerTask.o
LOAD ./User/DisplayTask.o
LOAD ./User/EventWriteTask.o
LOAD ./User/IbuttonTask.o
LOAD ./User/LedTask .o
LOAD ./User/M95Task.o
LOAD ./User/MainTask.o
LOAD ./User/MeterTask.o
LOAD ./User/ModbusPacketTask.o
LOAD ./User/ModbusTask.o
LOAD ./User/ReadRegistersTask.o
LOAD ./User/SecurityTask.o
LOAD ./User/ce303.o
LOAD ./User/da04_11gwa.o
LOAD ./User/fm25v02.o
LOAD ./User/gpio.o
LOAD ./User/ibutton.o
LOAD ./User/m95.o
LOAD ./User/modbus.o
START GROUP
LOAD c:/st/stm32cubeide_1.8.0/stm32cubeide/plugins/com.st.stm32cube.ide.mcu.externaltools.gnu-tools-for-stm32.9-2020-q2-update.win32_2.0.0.202105311346/tools/bin/../lib/gcc/arm-none-eabi/9.3.1/../../../../arm-none-eabi/lib/thumb/v7e-m+fp/hard\libc_nano.a
LOAD c:/st/stm32cubeide_1.8.0/stm32cubeide/plugins/com.st.stm32cube.ide.mcu.externaltools.gnu-tools-for-stm32.9-2020-q2-update.win32_2.0.0.202105311346/tools/bin/../lib/gcc/arm-none-eabi/9.3.1/../../../../arm-none-eabi/lib/thumb/v7e-m+fp/hard\libm.a
END GROUP
START GROUP
LOAD c:/st/stm32cubeide_1.8.0/stm32cubeide/plugins/com.st.stm32cube.ide.mcu.externaltools.gnu-tools-for-stm32.9-2020-q2-update.win32_2.0.0.202105311346/tools/bin/../lib/gcc/arm-none-eabi/9.3.1/thumb/v7e-m+fp/hard\libgcc.a
LOAD c:/st/stm32cubeide_1.8.0/stm32cubeide/plugins/com.st.stm32cube.ide.mcu.externaltools.gnu-tools-for-stm32.9-2020-q2-update.win32_2.0.0.202105311346/tools/bin/../lib/gcc/arm-none-eabi/9.3.1/../../../../arm-none-eabi/lib/thumb/v7e-m+fp/hard\libc_nano.a
END GROUP
START GROUP
LOAD c:/st/stm32cubeide_1.8.0/stm32cubeide/plugins/com.st.stm32cube.ide.mcu.externaltools.gnu-tools-for-stm32.9-2020-q2-update.win32_2.0.0.202105311346/tools/bin/../lib/gcc/arm-none-eabi/9.3.1/thumb/v7e-m+fp/hard\libgcc.a
LOAD c:/st/stm32cubeide_1.8.0/stm32cubeide/plugins/com.st.stm32cube.ide.mcu.externaltools.gnu-tools-for-stm32.9-2020-q2-update.win32_2.0.0.202105311346/tools/bin/../lib/gcc/arm-none-eabi/9.3.1/../../../../arm-none-eabi/lib/thumb/v7e-m+fp/hard\libc_nano.a
LOAD c:/st/stm32cubeide_1.8.0/stm32cubeide/plugins/com.st.stm32cube.ide.mcu.externaltools.gnu-tools-for-stm32.9-2020-q2-update.win32_2.0.0.202105311346/tools/bin/../lib/gcc/arm-none-eabi/9.3.1/../../../../arm-none-eabi/lib/thumb/v7e-m+fp/hard\libnosys.a
END GROUP
START GROUP
LOAD c:/st/stm32cubeide_1.8.0/stm32cubeide/plugins/com.st.stm32cube.ide.mcu.externaltools.gnu-tools-for-stm32.9-2020-q2-update.win32_2.0.0.202105311346/tools/bin/../lib/gcc/arm-none-eabi/9.3.1/thumb/v7e-m+fp/hard\libgcc.a
LOAD c:/st/stm32cubeide_1.8.0/stm32cubeide/plugins/com.st.stm32cube.ide.mcu.externaltools.gnu-tools-for-stm32.9-2020-q2-update.win32_2.0.0.202105311346/tools/bin/../lib/gcc/arm-none-eabi/9.3.1/../../../../arm-none-eabi/lib/thumb/v7e-m+fp/hard\libc_nano.a
LOAD c:/st/stm32cubeide_1.8.0/stm32cubeide/plugins/com.st.stm32cube.ide.mcu.externaltools.gnu-tools-for-stm32.9-2020-q2-update.win32_2.0.0.202105311346/tools/bin/../lib/gcc/arm-none-eabi/9.3.1/../../../../arm-none-eabi/lib/thumb/v7e-m+fp/hard\libnosys.a
END GROUP
LOAD c:/st/stm32cubeide_1.8.0/stm32cubeide/plugins/com.st.stm32cube.ide.mcu.externaltools.gnu-tools-for-stm32.9-2020-q2-update.win32_2.0.0.202105311346/tools/bin/../lib/gcc/arm-none-eabi/9.3.1/thumb/v7e-m+fp/hard/crtend.o
LOAD c:/st/stm32cubeide_1.8.0/stm32cubeide/plugins/com.st.stm32cube.ide.mcu.externaltools.gnu-tools-for-stm32.9-2020-q2-update.win32_2.0.0.202105311346/tools/bin/../lib/gcc/arm-none-eabi/9.3.1/thumb/v7e-m+fp/hard/crtn.o
                0x0000000020020000                _estack = (ORIGIN (RAM) + LENGTH (RAM))
                0x0000000000000200                _Min_Heap_Size = 0x200
                0x0000000000000400                _Min_Stack_Size = 0x400

.isr_vector     0x0000000008010000      0x188
                0x0000000008010000                . = ALIGN (0x4)
 *(.isr_vector)
 .isr_vector    0x0000000008010000      0x188 ./Core/Startup/startup_stm32f407vetx.o
                0x0000000008010000                g_pfnVectors
                0x0000000008010188                . = ALIGN (0x4)

.text           0x0000000008010190    0x2e50c
                0x0000000008010190                . = ALIGN (0x4)
 *(.text)
 .text          0x0000000008010190       0x40 c:/st/stm32cubeide_1.8.0/stm32cubeide/plugins/com.st.stm32cube.ide.mcu.externaltools.gnu-tools-for-stm32.9-2020-q2-update.win32_2.0.0.202105311346/tools/bin/../lib/gcc/arm-none-eabi/9.3.1/thumb/v7e-m+fp/hard/crtbegin.o
 .text          0x00000000080101d0       0x10 c:/st/stm32cubeide_1.8.0/stm32cubeide/plugins/com.st.stm32cube.ide.mcu.externaltools.gnu-tools-for-stm32.9-2020-q2-update.win32_2.0.0.202105311346/tools/bin/../lib/gcc/arm-none-eabi/9.3.1/../../../../arm-none-eabi/lib/thumb/v7e-m+fp/hard\libc_nano.a(lib_a-strlen.o)
                0x00000000080101d0                strlen
 .text          0x00000000080101e0       0xa0 c:/st/stm32cubeide_1.8.0/stm32cubeide/plugins/com.st.stm32cube.ide.mcu.externaltools.gnu-tools-for-stm32.9-2020-q2-update.win32_2.0.0.202105311346/tools/bin/../lib/gcc/arm-none-eabi/9.3.1/../../../../arm-none-eabi/lib/thumb/v7e-m+fp/hard\libc_nano.a(lib_a-memchr.o)
                0x00000000080101e0                memchr
 .text          0x0000000008010280       0x30 c:/st/stm32cubeide_1.8.0/stm32cubeide/plugins/com.st.stm32cube.ide.mcu.externaltools.gnu-tools-for-stm32.9-2020-q2-update.win32_2.0.0.202105311346/tools/bin/../lib/gcc/arm-none-eabi/9.3.1/thumb/v7e-m+fp/hard\libgcc.a(_aeabi_uldivmod.o)
                0x0000000008010280                __aeabi_uldivmod
 .text          0x00000000080102b0      0x2c4 c:/st/stm32cubeide_1.8.0/stm32cubeide/plugins/com.st.stm32cube.ide.mcu.externaltools.gnu-tools-for-stm32.9-2020-q2-update.win32_2.0.0.202105311346/tools/bin/../lib/gcc/arm-none-eabi/9.3.1/thumb/v7e-m+fp/hard\libgcc.a(_udivmoddi4.o)
                0x00000000080102b0                __udivmoddi4
 .text          0x0000000008010574        0x4 c:/st/stm32cubeide_1.8.0/stm32cubeide/plugins/com.st.stm32cube.ide.mcu.externaltools.gnu-tools-for-stm32.9-2020-q2-update.win32_2.0.0.202105311346/tools/bin/../lib/gcc/arm-none-eabi/9.3.1/thumb/v7e-m+fp/hard\libgcc.a(_dvmd_tls.o)
                0x0000000008010574                __aeabi_idiv0
                0x0000000008010574                __aeabi_ldiv0
 *(.text*)
 .text.vApplicationGetIdleTaskMemory
                0x0000000008010578       0x34 ./Core/Src/freertos.o
                0x0000000008010578                vApplicationGetIdleTaskMemory
 .text.vApplicationGetTimerTaskMemory
                0x00000000080105ac       0x34 ./Core/Src/freertos.o
                0x00000000080105ac                vApplicationGetTimerTaskMemory
 .text.__NVIC_SystemReset
                0x00000000080105e0       0x2c ./Core/Src/main.o
 .text.HAL_UART_TxCpltCallback
                0x000000000801060c       0x6c ./Core/Src/main.o
                0x000000000801060c                HAL_UART_TxCpltCallback
 .text.HAL_UART_RxCpltCallback
                0x0000000008010678       0xc4 ./Core/Src/main.o
                0x0000000008010678                HAL_UART_RxCpltCallback
 .text.main     0x000000000801073c      0x474 ./Core/Src/main.o
                0x000000000801073c                main
 .text.SystemClock_Config
                0x0000000008010bb0       0xdc ./Core/Src/main.o
                0x0000000008010bb0                SystemClock_Config
 .text.MX_ADC1_Init
                0x0000000008010c8c       0xdc ./Core/Src/main.o
 .text.MX_I2C1_Init
                0x0000000008010d68       0x5c ./Core/Src/main.o
 .text.MX_IWDG_Init
                0x0000000008010dc4       0x34 ./Core/Src/main.o
 .text.MX_RTC_Init
                0x0000000008010df8       0x88 ./Core/Src/main.o
 .text.MX_SPI2_Init
                0x0000000008010e80       0x6c ./Core/Src/main.o
 .text.MX_SPI3_Init
                0x0000000008010eec       0x70 ./Core/Src/main.o
 .text.MX_TIM2_Init
                0x0000000008010f5c       0x98 ./Core/Src/main.o
 .text.MX_USART1_UART_Init
                0x0000000008010ff4       0x54 ./Core/Src/main.o
 .text.MX_USART2_UART_Init
                0x0000000008011048       0x54 ./Core/Src/main.o
 .text.MX_USART3_UART_Init
                0x000000000801109c       0x54 ./Core/Src/main.o
 .text.MX_USART6_UART_Init
                0x00000000080110f0       0x54 ./Core/Src/main.o
 .text.MX_DMA_Init
                0x0000000008011144       0x8c ./Core/Src/main.o
 .text.MX_GPIO_Init
                0x00000000080111d0      0x21c ./Core/Src/main.o
 .text.Callback_AT_Timer
                0x00000000080113ec       0x20 ./Core/Src/main.o
                0x00000000080113ec                Callback_AT_Timer
 .text.Callback_Ring_Center_Timer
                0x000000000801140c       0x20 ./Core/Src/main.o
                0x000000000801140c                Callback_Ring_Center_Timer
 .text.StartDefaultTask
                0x000000000801142c       0x1c ./Core/Src/main.o
                0x000000000801142c                StartDefaultTask
 .text.HAL_TIM_PeriodElapsedCallback
                0x0000000008011448      0x604 ./Core/Src/main.o
                0x0000000008011448                HAL_TIM_PeriodElapsedCallback
 .text.Error_Handler
                0x0000000008011a4c        0x8 ./Core/Src/main.o
                0x0000000008011a4c                Error_Handler
 .text.HAL_MspInit
                0x0000000008011a54       0x58 ./Core/Src/stm32f4xx_hal_msp.o
                0x0000000008011a54                HAL_MspInit
 .text.HAL_ADC_MspInit
                0x0000000008011aac       0x88 ./Core/Src/stm32f4xx_hal_msp.o
                0x0000000008011aac                HAL_ADC_MspInit
 .text.HAL_I2C_MspInit
                0x0000000008011b34       0x90 ./Core/Src/stm32f4xx_hal_msp.o
                0x0000000008011b34                HAL_I2C_MspInit
 .text.HAL_RTC_MspInit
                0x0000000008011bc4       0x54 ./Core/Src/stm32f4xx_hal_msp.o
                0x0000000008011bc4                HAL_RTC_MspInit
 .text.HAL_SPI_MspInit
                0x0000000008011c18      0x100 ./Core/Src/stm32f4xx_hal_msp.o
                0x0000000008011c18                HAL_SPI_MspInit
 .text.HAL_TIM_Base_MspInit
                0x0000000008011d18       0x4c ./Core/Src/stm32f4xx_hal_msp.o
                0x0000000008011d18                HAL_TIM_Base_MspInit
 .text.HAL_UART_MspInit
                0x0000000008011d64      0x388 ./Core/Src/stm32f4xx_hal_msp.o
                0x0000000008011d64                HAL_UART_MspInit
 .text.HAL_InitTick
                0x00000000080120ec       0xb4 ./Core/Src/stm32f4xx_hal_timebase_tim.o
                0x00000000080120ec                HAL_InitTick
 .text.NMI_Handler
                0x00000000080121a0        0x6 ./Core/Src/stm32f4xx_it.o
                0x00000000080121a0                NMI_Handler
 .text.HardFault_Handler
                0x00000000080121a6        0x6 ./Core/Src/stm32f4xx_it.o
                0x00000000080121a6                HardFault_Handler
 .text.MemManage_Handler
                0x00000000080121ac        0x6 ./Core/Src/stm32f4xx_it.o
                0x00000000080121ac                MemManage_Handler
 .text.BusFault_Handler
                0x00000000080121b2        0x6 ./Core/Src/stm32f4xx_it.o
                0x00000000080121b2                BusFault_Handler
 .text.UsageFault_Handler
                0x00000000080121b8        0x6 ./Core/Src/stm32f4xx_it.o
                0x00000000080121b8                UsageFault_Handler
 .text.DebugMon_Handler
                0x00000000080121be        0xe ./Core/Src/stm32f4xx_it.o
                0x00000000080121be                DebugMon_Handler
 .text.DMA1_Stream1_IRQHandler
                0x00000000080121cc       0x14 ./Core/Src/stm32f4xx_it.o
                0x00000000080121cc                DMA1_Stream1_IRQHandler
 .text.DMA1_Stream3_IRQHandler
                0x00000000080121e0       0x14 ./Core/Src/stm32f4xx_it.o
                0x00000000080121e0                DMA1_Stream3_IRQHandler
 .text.TIM1_UP_TIM10_IRQHandler
                0x00000000080121f4       0x14 ./Core/Src/stm32f4xx_it.o
                0x00000000080121f4                TIM1_UP_TIM10_IRQHandler
 .text.TIM2_IRQHandler
                0x0000000008012208       0x14 ./Core/Src/stm32f4xx_it.o
                0x0000000008012208                TIM2_IRQHandler
 .text.USART3_IRQHandler
                0x000000000801221c       0x14 ./Core/Src/stm32f4xx_it.o
                0x000000000801221c                USART3_IRQHandler
 .text.DMA2_Stream1_IRQHandler
                0x0000000008012230       0x14 ./Core/Src/stm32f4xx_it.o
                0x0000000008012230                DMA2_Stream1_IRQHandler
 .text.DMA2_Stream6_IRQHandler
                0x0000000008012244       0x14 ./Core/Src/stm32f4xx_it.o
                0x0000000008012244                DMA2_Stream6_IRQHandler
 .text.USART6_IRQHandler
                0x0000000008012258       0x14 ./Core/Src/stm32f4xx_it.o
                0x0000000008012258                USART6_IRQHandler
 .text._read    0x000000000801226c       0x3a ./Core/Src/syscalls.o
                0x000000000801226c                _read
 .text._write   0x00000000080122a6       0x38 ./Core/Src/syscalls.o
                0x00000000080122a6                _write
 .text._close   0x00000000080122de       0x18 ./Core/Src/syscalls.o
                0x00000000080122de                _close
 .text._fstat   0x00000000080122f6       0x20 ./Core/Src/syscalls.o
                0x00000000080122f6                _fstat
 .text._isatty  0x0000000008012316       0x16 ./Core/Src/syscalls.o
                0x0000000008012316                _isatty
 .text._lseek   0x000000000801232c       0x1a ./Core/Src/syscalls.o
                0x000000000801232c                _lseek
 *fill*         0x0000000008012346        0x2 
 .text._sbrk    0x0000000008012348       0x6c ./Core/Src/sysmem.o
                0x0000000008012348                _sbrk
 .text.SystemInit
                0x00000000080123b4       0x2c ./Core/Src/system_stm32f4xx.o
                0x00000000080123b4                SystemInit
 .text.Reset_Handler
                0x00000000080123e0       0x50 ./Core/Startup/startup_stm32f407vetx.o
                0x00000000080123e0                Reset_Handler
 .text.Default_Handler
                0x0000000008012430        0x2 ./Core/Startup/startup_stm32f407vetx.o
                0x0000000008012430                RTC_Alarm_IRQHandler
                0x0000000008012430                HASH_RNG_IRQHandler
                0x0000000008012430                EXTI2_IRQHandler
                0x0000000008012430                TIM8_CC_IRQHandler
                0x0000000008012430                TIM1_CC_IRQHandler
                0x0000000008012430                DMA2_Stream5_IRQHandler
                0x0000000008012430                DMA1_Stream5_IRQHandler
                0x0000000008012430                PVD_IRQHandler
                0x0000000008012430                SDIO_IRQHandler
                0x0000000008012430                TAMP_STAMP_IRQHandler
                0x0000000008012430                CAN2_RX1_IRQHandler
                0x0000000008012430                EXTI3_IRQHandler
                0x0000000008012430                TIM8_TRG_COM_TIM14_IRQHandler
                0x0000000008012430                TIM8_UP_TIM13_IRQHandler
                0x0000000008012430                I2C3_ER_IRQHandler
                0x0000000008012430                EXTI0_IRQHandler
                0x0000000008012430                I2C2_EV_IRQHandler
                0x0000000008012430                DMA1_Stream2_IRQHandler
                0x0000000008012430                CAN1_RX0_IRQHandler
                0x0000000008012430                FPU_IRQHandler
                0x0000000008012430                OTG_HS_WKUP_IRQHandler
                0x0000000008012430                CAN2_SCE_IRQHandler
                0x0000000008012430                DMA2_Stream2_IRQHandler
                0x0000000008012430                SPI1_IRQHandler
                0x0000000008012430                TIM6_DAC_IRQHandler
                0x0000000008012430                TIM1_BRK_TIM9_IRQHandler
                0x0000000008012430                DCMI_IRQHandler
                0x0000000008012430                CAN2_RX0_IRQHandler
                0x0000000008012430                DMA2_Stream3_IRQHandler
                0x0000000008012430                CAN1_RX1_IRQHandler
                0x0000000008012430                UART5_IRQHandler
                0x0000000008012430                DMA2_Stream0_IRQHandler
                0x0000000008012430                TIM4_IRQHandler
                0x0000000008012430                I2C1_EV_IRQHandler
                0x0000000008012430                DMA1_Stream6_IRQHandler
                0x0000000008012430                UART4_IRQHandler
                0x0000000008012430                TIM3_IRQHandler
                0x0000000008012430                RCC_IRQHandler
                0x0000000008012430                TIM8_BRK_TIM12_IRQHandler
                0x0000000008012430                Default_Handler
                0x0000000008012430                EXTI15_10_IRQHandler
                0x0000000008012430                ADC_IRQHandler
                0x0000000008012430                DMA1_Stream7_IRQHandler
                0x0000000008012430                TIM7_IRQHandler
                0x0000000008012430                CAN2_TX_IRQHandler
                0x0000000008012430                TIM5_IRQHandler
                0x0000000008012430                DMA2_Stream7_IRQHandler
                0x0000000008012430                I2C3_EV_IRQHandler
                0x0000000008012430                EXTI9_5_IRQHandler
                0x0000000008012430                RTC_WKUP_IRQHandler
                0x0000000008012430                ETH_WKUP_IRQHandler
                0x0000000008012430                SPI2_IRQHandler
                0x0000000008012430                OTG_HS_EP1_IN_IRQHandler
                0x0000000008012430                DMA1_Stream0_IRQHandler
                0x0000000008012430                CAN1_TX_IRQHandler
                0x0000000008012430                EXTI4_IRQHandler
                0x0000000008012430                FSMC_IRQHandler
                0x0000000008012430                ETH_IRQHandler
                0x0000000008012430                OTG_HS_EP1_OUT_IRQHandler
                0x0000000008012430                WWDG_IRQHandler
                0x0000000008012430                OTG_FS_WKUP_IRQHandler
                0x0000000008012430                TIM1_TRG_COM_TIM11_IRQHandler
                0x0000000008012430                OTG_HS_IRQHandler
                0x0000000008012430                EXTI1_IRQHandler
                0x0000000008012430                USART2_IRQHandler
                0x0000000008012430                I2C2_ER_IRQHandler
                0x0000000008012430                CAN1_SCE_IRQHandler
                0x0000000008012430                FLASH_IRQHandler
                0x0000000008012430                DMA2_Stream4_IRQHandler
                0x0000000008012430                USART1_IRQHandler
                0x0000000008012430                OTG_FS_IRQHandler
                0x0000000008012430                SPI3_IRQHandler
                0x0000000008012430                DMA1_Stream4_IRQHandler
                0x0000000008012430                I2C1_ER_IRQHandler
 *fill*         0x0000000008012432        0x2 
 .text.HAL_Init
                0x0000000008012434       0x44 ./Drivers/STM32F4xx_HAL_Driver/Src/stm32f4xx_hal.o
                0x0000000008012434                HAL_Init
 .text.HAL_IncTick
                0x0000000008012478       0x28 ./Drivers/STM32F4xx_HAL_Driver/Src/stm32f4xx_hal.o
                0x0000000008012478                HAL_IncTick
 .text.HAL_GetTick
                0x00000000080124a0       0x18 ./Drivers/STM32F4xx_HAL_Driver/Src/stm32f4xx_hal.o
                0x00000000080124a0                HAL_GetTick
 .text.HAL_Delay
                0x00000000080124b8       0x48 ./Drivers/STM32F4xx_HAL_Driver/Src/stm32f4xx_hal.o
                0x00000000080124b8                HAL_Delay
 .text.HAL_ADC_Init
                0x0000000008012500       0x86 ./Drivers/STM32F4xx_HAL_Driver/Src/stm32f4xx_hal_adc.o
                0x0000000008012500                HAL_ADC_Init
 *fill*         0x0000000008012586        0x2 
 .text.HAL_ADC_ConfigChannel
                0x0000000008012588      0x244 ./Drivers/STM32F4xx_HAL_Driver/Src/stm32f4xx_hal_adc.o
                0x0000000008012588                HAL_ADC_ConfigChannel
 .text.ADC_Init
                0x00000000080127cc      0x1f8 ./Drivers/STM32F4xx_HAL_Driver/Src/stm32f4xx_hal_adc.o
 .text.__NVIC_SetPriorityGrouping
                0x00000000080129c4       0x48 ./Drivers/STM32F4xx_HAL_Driver/Src/stm32f4xx_hal_cortex.o
 .text.__NVIC_GetPriorityGrouping
                0x0000000008012a0c       0x1c ./Drivers/STM32F4xx_HAL_Driver/Src/stm32f4xx_hal_cortex.o
 .text.__NVIC_EnableIRQ
                0x0000000008012a28       0x3c ./Drivers/STM32F4xx_HAL_Driver/Src/stm32f4xx_hal_cortex.o
 .text.__NVIC_SetPriority
                0x0000000008012a64       0x54 ./Drivers/STM32F4xx_HAL_Driver/Src/stm32f4xx_hal_cortex.o
 .text.NVIC_EncodePriority
                0x0000000008012ab8       0x66 ./Drivers/STM32F4xx_HAL_Driver/Src/stm32f4xx_hal_cortex.o
 .text.HAL_NVIC_SetPriorityGrouping
                0x0000000008012b1e       0x16 ./Drivers/STM32F4xx_HAL_Driver/Src/stm32f4xx_hal_cortex.o
                0x0000000008012b1e                HAL_NVIC_SetPriorityGrouping
 .text.HAL_NVIC_SetPriority
                0x0000000008012b34       0x38 ./Drivers/STM32F4xx_HAL_Driver/Src/stm32f4xx_hal_cortex.o
                0x0000000008012b34                HAL_NVIC_SetPriority
 .text.HAL_NVIC_EnableIRQ
                0x0000000008012b6c       0x1c ./Drivers/STM32F4xx_HAL_Driver/Src/stm32f4xx_hal_cortex.o
                0x0000000008012b6c                HAL_NVIC_EnableIRQ
 .text.HAL_DMA_Init
                0x0000000008012b88      0x15c ./Drivers/STM32F4xx_HAL_Driver/Src/stm32f4xx_hal_dma.o
                0x0000000008012b88                HAL_DMA_Init
 .text.HAL_DMA_Start_IT
                0x0000000008012ce4       0xb0 ./Drivers/STM32F4xx_HAL_Driver/Src/stm32f4xx_hal_dma.o
                0x0000000008012ce4                HAL_DMA_Start_IT
 .text.HAL_DMA_Abort
                0x0000000008012d94       0xe0 ./Drivers/STM32F4xx_HAL_Driver/Src/stm32f4xx_hal_dma.o
                0x0000000008012d94                HAL_DMA_Abort
 .text.HAL_DMA_Abort_IT
                0x0000000008012e74       0x44 ./Drivers/STM32F4xx_HAL_Driver/Src/stm32f4xx_hal_dma.o
                0x0000000008012e74                HAL_DMA_Abort_IT
 .text.HAL_DMA_IRQHandler
                0x0000000008012eb8      0x314 ./Drivers/STM32F4xx_HAL_Driver/Src/stm32f4xx_hal_dma.o
                0x0000000008012eb8                HAL_DMA_IRQHandler
 .text.DMA_SetConfig
                0x00000000080131cc       0x5c ./Drivers/STM32F4xx_HAL_Driver/Src/stm32f4xx_hal_dma.o
 .text.DMA_CalcBaseAndBitshift
                0x0000000008013228       0x6c ./Drivers/STM32F4xx_HAL_Driver/Src/stm32f4xx_hal_dma.o
 .text.DMA_CheckFifoParam
                0x0000000008013294       0xf8 ./Drivers/STM32F4xx_HAL_Driver/Src/stm32f4xx_hal_dma.o
 .text.HAL_GPIO_Init
                0x000000000801338c      0x338 ./Drivers/STM32F4xx_HAL_Driver/Src/stm32f4xx_hal_gpio.o
                0x000000000801338c                HAL_GPIO_Init
 .text.HAL_GPIO_ReadPin
                0x00000000080136c4       0x30 ./Drivers/STM32F4xx_HAL_Driver/Src/stm32f4xx_hal_gpio.o
                0x00000000080136c4                HAL_GPIO_ReadPin
 .text.HAL_GPIO_WritePin
                0x00000000080136f4       0x32 ./Drivers/STM32F4xx_HAL_Driver/Src/stm32f4xx_hal_gpio.o
                0x00000000080136f4                HAL_GPIO_WritePin
 .text.HAL_GPIO_TogglePin
                0x0000000008013726       0x34 ./Drivers/STM32F4xx_HAL_Driver/Src/stm32f4xx_hal_gpio.o
                0x0000000008013726                HAL_GPIO_TogglePin
 *fill*         0x000000000801375a        0x2 
 .text.HAL_I2C_Init
                0x000000000801375c      0x288 ./Drivers/STM32F4xx_HAL_Driver/Src/stm32f4xx_hal_i2c.o
                0x000000000801375c                HAL_I2C_Init
 .text.HAL_IWDG_Init
                0x00000000080139e4       0x84 ./Drivers/STM32F4xx_HAL_Driver/Src/stm32f4xx_hal_iwdg.o
                0x00000000080139e4                HAL_IWDG_Init
 .text.HAL_IWDG_Refresh
                0x0000000008013a68       0x20 ./Drivers/STM32F4xx_HAL_Driver/Src/stm32f4xx_hal_iwdg.o
                0x0000000008013a68                HAL_IWDG_Refresh
 .text.HAL_RCC_OscConfig
                0x0000000008013a88      0x4f0 ./Drivers/STM32F4xx_HAL_Driver/Src/stm32f4xx_hal_rcc.o
                0x0000000008013a88                HAL_RCC_OscConfig
 .text.HAL_RCC_ClockConfig
                0x0000000008013f78      0x1cc ./Drivers/STM32F4xx_HAL_Driver/Src/stm32f4xx_hal_rcc.o
                0x0000000008013f78                HAL_RCC_ClockConfig
 .text.HAL_RCC_GetSysClockFreq
                0x0000000008014144      0x16c ./Drivers/STM32F4xx_HAL_Driver/Src/stm32f4xx_hal_rcc.o
                0x0000000008014144                HAL_RCC_GetSysClockFreq
 .text.HAL_RCC_GetHCLKFreq
                0x00000000080142b0       0x18 ./Drivers/STM32F4xx_HAL_Driver/Src/stm32f4xx_hal_rcc.o
                0x00000000080142b0                HAL_RCC_GetHCLKFreq
 .text.HAL_RCC_GetPCLK1Freq
                0x00000000080142c8       0x28 ./Drivers/STM32F4xx_HAL_Driver/Src/stm32f4xx_hal_rcc.o
                0x00000000080142c8                HAL_RCC_GetPCLK1Freq
 .text.HAL_RCC_GetPCLK2Freq
                0x00000000080142f0       0x28 ./Drivers/STM32F4xx_HAL_Driver/Src/stm32f4xx_hal_rcc.o
                0x00000000080142f0                HAL_RCC_GetPCLK2Freq
 .text.HAL_RCC_GetClockConfig
                0x0000000008014318       0x64 ./Drivers/STM32F4xx_HAL_Driver/Src/stm32f4xx_hal_rcc.o
                0x0000000008014318                HAL_RCC_GetClockConfig
 .text.HAL_RCCEx_PeriphCLKConfig
                0x000000000801437c      0x1c4 ./Drivers/STM32F4xx_HAL_Driver/Src/stm32f4xx_hal_rcc_ex.o
                0x000000000801437c                HAL_RCCEx_PeriphCLKConfig
 .text.HAL_RTC_Init
                0x0000000008014540       0xec ./Drivers/STM32F4xx_HAL_Driver/Src/stm32f4xx_hal_rtc.o
                0x0000000008014540                HAL_RTC_Init
 .text.HAL_RTC_SetTime
                0x000000000801462c      0x134 ./Drivers/STM32F4xx_HAL_Driver/Src/stm32f4xx_hal_rtc.o
                0x000000000801462c                HAL_RTC_SetTime
 .text.HAL_RTC_GetTime
                0x0000000008014760       0xbc ./Drivers/STM32F4xx_HAL_Driver/Src/stm32f4xx_hal_rtc.o
                0x0000000008014760                HAL_RTC_GetTime
 .text.HAL_RTC_SetDate
                0x000000000801481c      0x108 ./Drivers/STM32F4xx_HAL_Driver/Src/stm32f4xx_hal_rtc.o
                0x000000000801481c                HAL_RTC_SetDate
 .text.HAL_RTC_GetDate
                0x0000000008014924       0x9e ./Drivers/STM32F4xx_HAL_Driver/Src/stm32f4xx_hal_rtc.o
                0x0000000008014924                HAL_RTC_GetDate
 .text.HAL_RTC_WaitForSynchro
                0x00000000080149c2       0x50 ./Drivers/STM32F4xx_HAL_Driver/Src/stm32f4xx_hal_rtc.o
                0x00000000080149c2                HAL_RTC_WaitForSynchro
 .text.RTC_EnterInitMode
                0x0000000008014a12       0x6e ./Drivers/STM32F4xx_HAL_Driver/Src/stm32f4xx_hal_rtc.o
                0x0000000008014a12                RTC_EnterInitMode
 .text.RTC_ExitInitMode
                0x0000000008014a80       0x4a ./Drivers/STM32F4xx_HAL_Driver/Src/stm32f4xx_hal_rtc.o
                0x0000000008014a80                RTC_ExitInitMode
 .text.RTC_ByteToBcd2
                0x0000000008014aca       0x3a ./Drivers/STM32F4xx_HAL_Driver/Src/stm32f4xx_hal_rtc.o
                0x0000000008014aca                RTC_ByteToBcd2
 .text.RTC_Bcd2ToByte
                0x0000000008014b04       0x38 ./Drivers/STM32F4xx_HAL_Driver/Src/stm32f4xx_hal_rtc.o
                0x0000000008014b04                RTC_Bcd2ToByte
 .text.HAL_SPI_Init
                0x0000000008014b3c      0x112 ./Drivers/STM32F4xx_HAL_Driver/Src/stm32f4xx_hal_spi.o
                0x0000000008014b3c                HAL_SPI_Init
 .text.HAL_SPI_Transmit
                0x0000000008014c4e      0x278 ./Drivers/STM32F4xx_HAL_Driver/Src/stm32f4xx_hal_spi.o
                0x0000000008014c4e                HAL_SPI_Transmit
 .text.HAL_SPI_Receive
                0x0000000008014ec6      0x222 ./Drivers/STM32F4xx_HAL_Driver/Src/stm32f4xx_hal_spi.o
                0x0000000008014ec6                HAL_SPI_Receive
 .text.HAL_SPI_TransmitReceive
                0x00000000080150e8      0x344 ./Drivers/STM32F4xx_HAL_Driver/Src/stm32f4xx_hal_spi.o
                0x00000000080150e8                HAL_SPI_TransmitReceive
 .text.SPI_WaitFlagStateUntilTimeout
                0x000000000801542c      0x110 ./Drivers/STM32F4xx_HAL_Driver/Src/stm32f4xx_hal_spi.o
 .text.SPI_EndRxTransaction
                0x000000000801553c       0xca ./Drivers/STM32F4xx_HAL_Driver/Src/stm32f4xx_hal_spi.o
 *fill*         0x0000000008015606        0x2 
 .text.SPI_EndRxTxTransaction
                0x0000000008015608       0x84 ./Drivers/STM32F4xx_HAL_Driver/Src/stm32f4xx_hal_spi.o
 .text.HAL_TIM_Base_Init
                0x000000000801568c       0x9e ./Drivers/STM32F4xx_HAL_Driver/Src/stm32f4xx_hal_tim.o
                0x000000000801568c                HAL_TIM_Base_Init
 *fill*         0x000000000801572a        0x2 
 .text.HAL_TIM_Base_Start_IT
                0x000000000801572c       0xe0 ./Drivers/STM32F4xx_HAL_Driver/Src/stm32f4xx_hal_tim.o
                0x000000000801572c                HAL_TIM_Base_Start_IT
 .text.HAL_TIM_IRQHandler
                0x000000000801580c      0x210 ./Drivers/STM32F4xx_HAL_Driver/Src/stm32f4xx_hal_tim.o
                0x000000000801580c                HAL_TIM_IRQHandler
 .text.HAL_TIM_ConfigClockSource
                0x0000000008015a1c      0x18e ./Drivers/STM32F4xx_HAL_Driver/Src/stm32f4xx_hal_tim.o
                0x0000000008015a1c                HAL_TIM_ConfigClockSource
 .text.HAL_TIM_OC_DelayElapsedCallback
                0x0000000008015baa       0x14 ./Drivers/STM32F4xx_HAL_Driver/Src/stm32f4xx_hal_tim.o
                0x0000000008015baa                HAL_TIM_OC_DelayElapsedCallback
 .text.HAL_TIM_IC_CaptureCallback
                0x0000000008015bbe       0x14 ./Drivers/STM32F4xx_HAL_Driver/Src/stm32f4xx_hal_tim.o
                0x0000000008015bbe                HAL_TIM_IC_CaptureCallback
 .text.HAL_TIM_PWM_PulseFinishedCallback
                0x0000000008015bd2       0x14 ./Drivers/STM32F4xx_HAL_Driver/Src/stm32f4xx_hal_tim.o
                0x0000000008015bd2                HAL_TIM_PWM_PulseFinishedCallback
 .text.HAL_TIM_TriggerCallback
                0x0000000008015be6       0x14 ./Drivers/STM32F4xx_HAL_Driver/Src/stm32f4xx_hal_tim.o
                0x0000000008015be6                HAL_TIM_TriggerCallback
 *fill*         0x0000000008015bfa        0x2 
 .text.TIM_Base_SetConfig
                0x0000000008015bfc      0x140 ./Drivers/STM32F4xx_HAL_Driver/Src/stm32f4xx_hal_tim.o
                0x0000000008015bfc                TIM_Base_SetConfig
 .text.TIM_TI1_ConfigInputStage
                0x0000000008015d3c       0x5e ./Drivers/STM32F4xx_HAL_Driver/Src/stm32f4xx_hal_tim.o
 .text.TIM_TI2_ConfigInputStage
                0x0000000008015d9a       0x60 ./Drivers/STM32F4xx_HAL_Driver/Src/stm32f4xx_hal_tim.o
 .text.TIM_ITRx_SetConfig
                0x0000000008015dfa       0x36 ./Drivers/STM32F4xx_HAL_Driver/Src/stm32f4xx_hal_tim.o
 .text.TIM_ETR_SetConfig
                0x0000000008015e30       0x40 ./Drivers/STM32F4xx_HAL_Driver/Src/stm32f4xx_hal_tim.o
                0x0000000008015e30                TIM_ETR_SetConfig
 .text.HAL_TIMEx_MasterConfigSynchronization
                0x0000000008015e70       0xf8 ./Drivers/STM32F4xx_HAL_Driver/Src/stm32f4xx_hal_tim_ex.o
                0x0000000008015e70                HAL_TIMEx_MasterConfigSynchronization
 .text.HAL_TIMEx_CommutCallback
                0x0000000008015f68       0x14 ./Drivers/STM32F4xx_HAL_Driver/Src/stm32f4xx_hal_tim_ex.o
                0x0000000008015f68                HAL_TIMEx_CommutCallback
 .text.HAL_TIMEx_BreakCallback
                0x0000000008015f7c       0x14 ./Drivers/STM32F4xx_HAL_Driver/Src/stm32f4xx_hal_tim_ex.o
                0x0000000008015f7c                HAL_TIMEx_BreakCallback
 .text.HAL_UART_Init
                0x0000000008015f90       0x9a ./Drivers/STM32F4xx_HAL_Driver/Src/stm32f4xx_hal_uart.o
                0x0000000008015f90                HAL_UART_Init
 .text.HAL_UART_Transmit
                0x000000000801602a      0x124 ./Drivers/STM32F4xx_HAL_Driver/Src/stm32f4xx_hal_uart.o
                0x000000000801602a                HAL_UART_Transmit
 .text.HAL_UART_Receive
                0x000000000801614e      0x144 ./Drivers/STM32F4xx_HAL_Driver/Src/stm32f4xx_hal_uart.o
                0x000000000801614e                HAL_UART_Receive
 *fill*         0x0000000008016292        0x2 
 .text.HAL_UART_Transmit_DMA
                0x0000000008016294       0xfc ./Drivers/STM32F4xx_HAL_Driver/Src/stm32f4xx_hal_uart.o
                0x0000000008016294                HAL_UART_Transmit_DMA
 .text.HAL_UART_Receive_DMA
                0x0000000008016390       0x60 ./Drivers/STM32F4xx_HAL_Driver/Src/stm32f4xx_hal_uart.o
                0x0000000008016390                HAL_UART_Receive_DMA
 .text.HAL_UART_IRQHandler
                0x00000000080163f0      0x51c ./Drivers/STM32F4xx_HAL_Driver/Src/stm32f4xx_hal_uart.o
                0x00000000080163f0                HAL_UART_IRQHandler
 .text.HAL_UART_TxHalfCpltCallback
                0x000000000801690c       0x14 ./Drivers/STM32F4xx_HAL_Driver/Src/stm32f4xx_hal_uart.o
                0x000000000801690c                HAL_UART_TxHalfCpltCallback
 .text.HAL_UART_RxHalfCpltCallback
                0x0000000008016920       0x14 ./Drivers/STM32F4xx_HAL_Driver/Src/stm32f4xx_hal_uart.o
                0x0000000008016920                HAL_UART_RxHalfCpltCallback
 .text.HAL_UART_ErrorCallback
                0x0000000008016934       0x14 ./Drivers/STM32F4xx_HAL_Driver/Src/stm32f4xx_hal_uart.o
                0x0000000008016934                HAL_UART_ErrorCallback
 .text.HAL_UARTEx_RxEventCallback
                0x0000000008016948       0x18 ./Drivers/STM32F4xx_HAL_Driver/Src/stm32f4xx_hal_uart.o
                0x0000000008016948                HAL_UARTEx_RxEventCallback
 .text.UART_DMATransmitCplt
                0x0000000008016960       0x9a ./Drivers/STM32F4xx_HAL_Driver/Src/stm32f4xx_hal_uart.o
 .text.UART_DMATxHalfCplt
                0x00000000080169fa       0x1c ./Drivers/STM32F4xx_HAL_Driver/Src/stm32f4xx_hal_uart.o
 .text.UART_DMAReceiveCplt
                0x0000000008016a16      0x126 ./Drivers/STM32F4xx_HAL_Driver/Src/stm32f4xx_hal_uart.o
 .text.UART_DMARxHalfCplt
                0x0000000008016b3c       0x36 ./Drivers/STM32F4xx_HAL_Driver/Src/stm32f4xx_hal_uart.o
 .text.UART_DMAError
                0x0000000008016b72       0x94 ./Drivers/STM32F4xx_HAL_Driver/Src/stm32f4xx_hal_uart.o
 .text.UART_WaitOnFlagUntilTimeout
                0x0000000008016c06       0xdc ./Drivers/STM32F4xx_HAL_Driver/Src/stm32f4xx_hal_uart.o
 *fill*         0x0000000008016ce2        0x2 
 .text.UART_Start_Receive_DMA
                0x0000000008016ce4      0x13c ./Drivers/STM32F4xx_HAL_Driver/Src/stm32f4xx_hal_uart.o
                0x0000000008016ce4                UART_Start_Receive_DMA
 .text.UART_EndTxTransfer
                0x0000000008016e20       0x50 ./Drivers/STM32F4xx_HAL_Driver/Src/stm32f4xx_hal_uart.o
 .text.UART_EndRxTransfer
                0x0000000008016e70       0xc6 ./Drivers/STM32F4xx_HAL_Driver/Src/stm32f4xx_hal_uart.o
 .text.UART_DMAAbortOnError
                0x0000000008016f36       0x28 ./Drivers/STM32F4xx_HAL_Driver/Src/stm32f4xx_hal_uart.o
 .text.UART_Transmit_IT
                0x0000000008016f5e       0xa0 ./Drivers/STM32F4xx_HAL_Driver/Src/stm32f4xx_hal_uart.o
 .text.UART_EndTransmit_IT
                0x0000000008016ffe       0x30 ./Drivers/STM32F4xx_HAL_Driver/Src/stm32f4xx_hal_uart.o
 .text.UART_Receive_IT
                0x000000000801702e      0x176 ./Drivers/STM32F4xx_HAL_Driver/Src/stm32f4xx_hal_uart.o
 .text.UART_SetConfig
                0x00000000080171a4      0x390 ./Drivers/STM32F4xx_HAL_Driver/Src/stm32f4xx_hal_uart.o
 .text.makeFreeRtosPriority
                0x0000000008017534       0x30 ./Middlewares/Third_Party/FreeRTOS/Source/CMSIS_RTOS/cmsis_os.o
 .text.inHandlerMode
                0x0000000008017564       0x24 ./Middlewares/Third_Party/FreeRTOS/Source/CMSIS_RTOS/cmsis_os.o
 .text.osKernelStart
                0x0000000008017588        0xe ./Middlewares/Third_Party/FreeRTOS/Source/CMSIS_RTOS/cmsis_os.o
                0x0000000008017588                osKernelStart
 .text.osThreadCreate
                0x0000000008017596       0x98 ./Middlewares/Third_Party/FreeRTOS/Source/CMSIS_RTOS/cmsis_os.o
                0x0000000008017596                osThreadCreate
 .text.osDelay  0x000000000801762e       0x28 ./Middlewares/Third_Party/FreeRTOS/Source/CMSIS_RTOS/cmsis_os.o
                0x000000000801762e                osDelay
 *fill*         0x0000000008017656        0x2 
 .text.osTimerCreate
                0x0000000008017658       0x68 ./Middlewares/Third_Party/FreeRTOS/Source/CMSIS_RTOS/cmsis_os.o
                0x0000000008017658                osTimerCreate
 .text.osTimerStart
                0x00000000080176c0       0x88 ./Middlewares/Third_Party/FreeRTOS/Source/CMSIS_RTOS/cmsis_os.o
                0x00000000080176c0                osTimerStart
 .text.osTimerStop
                0x0000000008017748       0x78 ./Middlewares/Third_Party/FreeRTOS/Source/CMSIS_RTOS/cmsis_os.o
                0x0000000008017748                osTimerStop
 .text.osMutexCreate
                0x00000000080177c0       0x30 ./Middlewares/Third_Party/FreeRTOS/Source/CMSIS_RTOS/cmsis_os.o
                0x00000000080177c0                osMutexCreate
 .text.osMutexWait
                0x00000000080177f0       0x9c ./Middlewares/Third_Party/FreeRTOS/Source/CMSIS_RTOS/cmsis_os.o
                0x00000000080177f0                osMutexWait
 .text.osMutexRelease
                0x000000000801788c       0x6c ./Middlewares/Third_Party/FreeRTOS/Source/CMSIS_RTOS/cmsis_os.o
                0x000000000801788c                osMutexRelease
 .text.osSemaphoreCreate
                0x00000000080178f8       0x64 ./Middlewares/Third_Party/FreeRTOS/Source/CMSIS_RTOS/cmsis_os.o
                0x00000000080178f8                osSemaphoreCreate
 .text.osSemaphoreWait
                0x000000000801795c       0x9c ./Middlewares/Third_Party/FreeRTOS/Source/CMSIS_RTOS/cmsis_os.o
                0x000000000801795c                osSemaphoreWait
 .text.osSemaphoreRelease
                0x00000000080179f8       0x6c ./Middlewares/Third_Party/FreeRTOS/Source/CMSIS_RTOS/cmsis_os.o
                0x00000000080179f8                osSemaphoreRelease
 .text.osMessageCreate
                0x0000000008017a64       0x50 ./Middlewares/Third_Party/FreeRTOS/Source/CMSIS_RTOS/cmsis_os.o
                0x0000000008017a64                osMessageCreate
 .text.osMessagePut
                0x0000000008017ab4       0x80 ./Middlewares/Third_Party/FreeRTOS/Source/CMSIS_RTOS/cmsis_os.o
                0x0000000008017ab4                osMessagePut
 .text.osMessageGet
                0x0000000008017b34       0xe8 ./Middlewares/Third_Party/FreeRTOS/Source/CMSIS_RTOS/cmsis_os.o
                0x0000000008017b34                osMessageGet
 .text.osThreadSuspend
                0x0000000008017c1c       0x18 ./Middlewares/Third_Party/FreeRTOS/Source/CMSIS_RTOS/cmsis_os.o
                0x0000000008017c1c                osThreadSuspend
 .text.osThreadResume
                0x0000000008017c34       0x44 ./Middlewares/Third_Party/FreeRTOS/Source/CMSIS_RTOS/cmsis_os.o
                0x0000000008017c34                osThreadResume
 .text.vListInitialise
                0x0000000008017c78       0x40 ./Middlewares/Third_Party/FreeRTOS/Source/list.o
                0x0000000008017c78                vListInitialise
 .text.vListInitialiseItem
                0x0000000008017cb8       0x1a ./Middlewares/Third_Party/FreeRTOS/Source/list.o
                0x0000000008017cb8                vListInitialiseItem
 .text.vListInsertEnd
                0x0000000008017cd2       0x48 ./Middlewares/Third_Party/FreeRTOS/Source/list.o
                0x0000000008017cd2                vListInsertEnd
 .text.vListInsert
                0x0000000008017d1a       0x72 ./Middlewares/Third_Party/FreeRTOS/Source/list.o
                0x0000000008017d1a                vListInsert
 .text.uxListRemove
                0x0000000008017d8c       0x54 ./Middlewares/Third_Party/FreeRTOS/Source/list.o
                0x0000000008017d8c                uxListRemove
 .text.xQueueGenericReset
                0x0000000008017de0       0xd0 ./Middlewares/Third_Party/FreeRTOS/Source/queue.o
                0x0000000008017de0                xQueueGenericReset
 .text.xQueueGenericCreateStatic
                0x0000000008017eb0       0xf0 ./Middlewares/Third_Party/FreeRTOS/Source/queue.o
                0x0000000008017eb0                xQueueGenericCreateStatic
 .text.xQueueGenericCreate
                0x0000000008017fa0       0x74 ./Middlewares/Third_Party/FreeRTOS/Source/queue.o
                0x0000000008017fa0                xQueueGenericCreate
 .text.prvInitialiseNewQueue
                0x0000000008018014       0x3e ./Middlewares/Third_Party/FreeRTOS/Source/queue.o
 .text.prvInitialiseMutex
                0x0000000008018052       0x34 ./Middlewares/Third_Party/FreeRTOS/Source/queue.o
 .text.xQueueCreateMutex
                0x0000000008018086       0x30 ./Middlewares/Third_Party/FreeRTOS/Source/queue.o
                0x0000000008018086                xQueueCreateMutex
 .text.xQueueCreateMutexStatic
                0x00000000080180b6       0x36 ./Middlewares/Third_Party/FreeRTOS/Source/queue.o
                0x00000000080180b6                xQueueCreateMutexStatic
 .text.xQueueGenericSend
                0x00000000080180ec      0x1fc ./Middlewares/Third_Party/FreeRTOS/Source/queue.o
                0x00000000080180ec                xQueueGenericSend
 .text.xQueueGenericSendFromISR
                0x00000000080182e8      0x136 ./Middlewares/Third_Party/FreeRTOS/Source/queue.o
                0x00000000080182e8                xQueueGenericSendFromISR
 .text.xQueueGiveFromISR
                0x000000000801841e      0x11a ./Middlewares/Third_Party/FreeRTOS/Source/queue.o
                0x000000000801841e                xQueueGiveFromISR
 .text.xQueueReceive
                0x0000000008018538      0x1c0 ./Middlewares/Third_Party/FreeRTOS/Source/queue.o
                0x0000000008018538                xQueueReceive
 .text.xQueueSemaphoreTake
                0x00000000080186f8      0x218 ./Middlewares/Third_Party/FreeRTOS/Source/queue.o
                0x00000000080186f8                xQueueSemaphoreTake
 .text.xQueueReceiveFromISR
                0x0000000008018910      0x100 ./Middlewares/Third_Party/FreeRTOS/Source/queue.o
                0x0000000008018910                xQueueReceiveFromISR
 .text.prvGetDisinheritPriorityAfterTimeout
                0x0000000008018a10       0x30 ./Middlewares/Third_Party/FreeRTOS/Source/queue.o
 .text.prvCopyDataToQueue
                0x0000000008018a40       0xd4 ./Middlewares/Third_Party/FreeRTOS/Source/queue.o
 .text.prvCopyDataFromQueue
                0x0000000008018b14       0x4c ./Middlewares/Third_Party/FreeRTOS/Source/queue.o
 .text.prvUnlockQueue
                0x0000000008018b60       0xa4 ./Middlewares/Third_Party/FreeRTOS/Source/queue.o
 .text.prvIsQueueEmpty
                0x0000000008018c04       0x2c ./Middlewares/Third_Party/FreeRTOS/Source/queue.o
 .text.prvIsQueueFull
                0x0000000008018c30       0x30 ./Middlewares/Third_Party/FreeRTOS/Source/queue.o
 .text.vQueueAddToRegistry
                0x0000000008018c60       0x54 ./Middlewares/Third_Party/FreeRTOS/Source/queue.o
                0x0000000008018c60                vQueueAddToRegistry
 .text.vQueueWaitForMessageRestricted
                0x0000000008018cb4       0x68 ./Middlewares/Third_Party/FreeRTOS/Source/queue.o
                0x0000000008018cb4                vQueueWaitForMessageRestricted
 .text.xTaskCreateStatic
                0x0000000008018d1c       0xba ./Middlewares/Third_Party/FreeRTOS/Source/tasks.o
                0x0000000008018d1c                xTaskCreateStatic
 .text.xTaskCreate
                0x0000000008018dd6       0x8a ./Middlewares/Third_Party/FreeRTOS/Source/tasks.o
                0x0000000008018dd6                xTaskCreate
 .text.prvInitialiseNewTask
                0x0000000008018e60      0x13c ./Middlewares/Third_Party/FreeRTOS/Source/tasks.o
 .text.prvAddNewTaskToReadyList
                0x0000000008018f9c       0xd4 ./Middlewares/Third_Party/FreeRTOS/Source/tasks.o
 .text.vTaskDelay
                0x0000000008019070       0x68 ./Middlewares/Third_Party/FreeRTOS/Source/tasks.o
                0x0000000008019070                vTaskDelay
 .text.vTaskSuspend
                0x00000000080190d8      0x124 ./Middlewares/Third_Party/FreeRTOS/Source/tasks.o
                0x00000000080190d8                vTaskSuspend
 .text.prvTaskIsTaskSuspended
                0x00000000080191fc       0x64 ./Middlewares/Third_Party/FreeRTOS/Source/tasks.o
 .text.vTaskResume
                0x0000000008019260       0xbc ./Middlewares/Third_Party/FreeRTOS/Source/tasks.o
                0x0000000008019260                vTaskResume
 .text.xTaskResumeFromISR
                0x000000000801931c       0xe4 ./Middlewares/Third_Party/FreeRTOS/Source/tasks.o
                0x000000000801931c                xTaskResumeFromISR
 .text.vTaskStartScheduler
                0x0000000008019400       0xe0 ./Middlewares/Third_Party/FreeRTOS/Source/tasks.o
                0x0000000008019400                vTaskStartScheduler
 .text.vTaskSuspendAll
                0x00000000080194e0       0x1c ./Middlewares/Third_Party/FreeRTOS/Source/tasks.o
                0x00000000080194e0                vTaskSuspendAll
 .text.xTaskResumeAll
                0x00000000080194fc      0x138 ./Middlewares/Third_Party/FreeRTOS/Source/tasks.o
                0x00000000080194fc                xTaskResumeAll
 .text.xTaskGetTickCount
                0x0000000008019634       0x20 ./Middlewares/Third_Party/FreeRTOS/Source/tasks.o
                0x0000000008019634                xTaskGetTickCount
 .text.xTaskIncrementTick
                0x0000000008019654      0x170 ./Middlewares/Third_Party/FreeRTOS/Source/tasks.o
                0x0000000008019654                xTaskIncrementTick
 .text.vTaskSwitchContext
                0x00000000080197c4       0xc4 ./Middlewares/Third_Party/FreeRTOS/Source/tasks.o
                0x00000000080197c4                vTaskSwitchContext
 .text.vTaskPlaceOnEventList
                0x0000000008019888       0x48 ./Middlewares/Third_Party/FreeRTOS/Source/tasks.o
                0x0000000008019888                vTaskPlaceOnEventList
 .text.vTaskPlaceOnEventListRestricted
                0x00000000080198d0       0x58 ./Middlewares/Third_Party/FreeRTOS/Source/tasks.o
                0x00000000080198d0                vTaskPlaceOnEventListRestricted
 .text.xTaskRemoveFromEventList
                0x0000000008019928       0xc4 ./Middlewares/Third_Party/FreeRTOS/Source/tasks.o
                0x0000000008019928                xTaskRemoveFromEventList
 .text.vTaskInternalSetTimeOutState
                0x00000000080199ec       0x2c ./Middlewares/Third_Party/FreeRTOS/Source/tasks.o
                0x00000000080199ec                vTaskInternalSetTimeOutState
 .text.xTaskCheckForTimeOut
                0x0000000008019a18       0xc4 ./Middlewares/Third_Party/FreeRTOS/Source/tasks.o
                0x0000000008019a18                xTaskCheckForTimeOut
 .text.vTaskMissedYield
                0x0000000008019adc       0x18 ./Middlewares/Third_Party/FreeRTOS/Source/tasks.o
                0x0000000008019adc                vTaskMissedYield
 .text.prvIdleTask
                0x0000000008019af4       0x30 ./Middlewares/Third_Party/FreeRTOS/Source/tasks.o
 .text.prvInitialiseTaskLists
                0x0000000008019b24       0x80 ./Middlewares/Third_Party/FreeRTOS/Source/tasks.o
 .text.prvCheckTasksWaitingTermination
                0x0000000008019ba4       0x5c ./Middlewares/Third_Party/FreeRTOS/Source/tasks.o
 .text.prvDeleteTCB
                0x0000000008019c00       0x68 ./Middlewares/Third_Party/FreeRTOS/Source/tasks.o
 .text.prvResetNextTaskUnblockTime
                0x0000000008019c68       0x40 ./Middlewares/Third_Party/FreeRTOS/Source/tasks.o
 .text.xTaskGetSchedulerState
                0x0000000008019ca8       0x3c ./Middlewares/Third_Party/FreeRTOS/Source/tasks.o
                0x0000000008019ca8                xTaskGetSchedulerState
 .text.xTaskPriorityInherit
                0x0000000008019ce4       0xec ./Middlewares/Third_Party/FreeRTOS/Source/tasks.o
                0x0000000008019ce4                xTaskPriorityInherit
 .text.xTaskPriorityDisinherit
                0x0000000008019dd0      0x10c ./Middlewares/Third_Party/FreeRTOS/Source/tasks.o
                0x0000000008019dd0                xTaskPriorityDisinherit
 .text.vTaskPriorityDisinheritAfterTimeout
                0x0000000008019edc      0x11c ./Middlewares/Third_Party/FreeRTOS/Source/tasks.o
                0x0000000008019edc                vTaskPriorityDisinheritAfterTimeout
 .text.pvTaskIncrementMutexHeldCount
                0x0000000008019ff8       0x28 ./Middlewares/Third_Party/FreeRTOS/Source/tasks.o
                0x0000000008019ff8                pvTaskIncrementMutexHeldCount
 .text.prvAddCurrentTaskToDelayedList
                0x000000000801a020       0xcc ./Middlewares/Third_Party/FreeRTOS/Source/tasks.o
 .text.xTimerCreateTimerTask
                0x000000000801a0ec       0x90 ./Middlewares/Third_Party/FreeRTOS/Source/timers.o
                0x000000000801a0ec                xTimerCreateTimerTask
 .text.xTimerCreate
                0x000000000801a17c       0x42 ./Middlewares/Third_Party/FreeRTOS/Source/timers.o
                0x000000000801a17c                xTimerCreate
 .text.xTimerCreateStatic
                0x000000000801a1be       0x7c ./Middlewares/Third_Party/FreeRTOS/Source/timers.o
                0x000000000801a1be                xTimerCreateStatic
 .text.prvInitialiseNewTimer
                0x000000000801a23a       0x76 ./Middlewares/Third_Party/FreeRTOS/Source/timers.o
 .text.xTimerGenericCommand
                0x000000000801a2b0       0x9c ./Middlewares/Third_Party/FreeRTOS/Source/timers.o
                0x000000000801a2b0                xTimerGenericCommand
 .text.prvProcessExpiredTimer
                0x000000000801a34c       0x98 ./Middlewares/Third_Party/FreeRTOS/Source/timers.o
 .text.prvTimerTask
                0x000000000801a3e4       0x24 ./Middlewares/Third_Party/FreeRTOS/Source/timers.o
 .text.prvProcessTimerOrBlockTask
                0x000000000801a408       0x9c ./Middlewares/Third_Party/FreeRTOS/Source/timers.o
 .text.prvGetNextExpireTime
                0x000000000801a4a4       0x48 ./Middlewares/Third_Party/FreeRTOS/Source/timers.o
 .text.prvSampleTimeNow
                0x000000000801a4ec       0x40 ./Middlewares/Third_Party/FreeRTOS/Source/timers.o
 .text.prvInsertTimerInActiveList
                0x000000000801a52c       0x84 ./Middlewares/Third_Party/FreeRTOS/Source/timers.o
 .text.prvProcessReceivedCommands
                0x000000000801a5b0      0x18c ./Middlewares/Third_Party/FreeRTOS/Source/timers.o
 .text.prvSwitchTimerLists
                0x000000000801a73c       0xc8 ./Middlewares/Third_Party/FreeRTOS/Source/timers.o
 .text.prvCheckForValidListAndQueue
                0x000000000801a804       0x80 ./Middlewares/Third_Party/FreeRTOS/Source/timers.o
 .text.pxPortInitialiseStack
                0x000000000801a884       0x68 ./Middlewares/Third_Party/FreeRTOS/Source/portable/GCC/ARM_CM4F/port.o
                0x000000000801a884                pxPortInitialiseStack
 .text.prvTaskExitError
                0x000000000801a8ec       0x58 ./Middlewares/Third_Party/FreeRTOS/Source/portable/GCC/ARM_CM4F/port.o
 *fill*         0x000000000801a944        0xc 
 .text.SVC_Handler
                0x000000000801a950       0x28 ./Middlewares/Third_Party/FreeRTOS/Source/portable/GCC/ARM_CM4F/port.o
                0x000000000801a950                SVC_Handler
 .text.prvPortStartFirstTask
                0x000000000801a978       0x28 ./Middlewares/Third_Party/FreeRTOS/Source/portable/GCC/ARM_CM4F/port.o
 .text.xPortStartScheduler
                0x000000000801a9a0      0x144 ./Middlewares/Third_Party/FreeRTOS/Source/portable/GCC/ARM_CM4F/port.o
                0x000000000801a9a0                xPortStartScheduler
 .text.vPortEnterCritical
                0x000000000801aae4       0x60 ./Middlewares/Third_Party/FreeRTOS/Source/portable/GCC/ARM_CM4F/port.o
                0x000000000801aae4                vPortEnterCritical
 .text.vPortExitCritical
                0x000000000801ab44       0x54 ./Middlewares/Third_Party/FreeRTOS/Source/portable/GCC/ARM_CM4F/port.o
                0x000000000801ab44                vPortExitCritical
 *fill*         0x000000000801ab98        0x8 
 .text.PendSV_Handler
                0x000000000801aba0       0x68 ./Middlewares/Third_Party/FreeRTOS/Source/portable/GCC/ARM_CM4F/port.o
                0x000000000801aba0                PendSV_Handler
 .text.SysTick_Handler
                0x000000000801ac08       0x44 ./Middlewares/Third_Party/FreeRTOS/Source/portable/GCC/ARM_CM4F/port.o
                0x000000000801ac08                SysTick_Handler
 .text.vPortSetupTimerInterrupt
                0x000000000801ac4c       0x48 ./Middlewares/Third_Party/FreeRTOS/Source/portable/GCC/ARM_CM4F/port.o
                0x000000000801ac4c                vPortSetupTimerInterrupt
 .text.vPortEnableVFP
                0x000000000801ac94       0x14 ./Middlewares/Third_Party/FreeRTOS/Source/portable/GCC/ARM_CM4F/port.o
 .text.vPortValidateInterruptPriority
                0x000000000801aca8       0x80 ./Middlewares/Third_Party/FreeRTOS/Source/portable/GCC/ARM_CM4F/port.o
                0x000000000801aca8                vPortValidateInterruptPriority
 .text.pvPortMalloc
                0x000000000801ad28      0x198 ./Middlewares/Third_Party/FreeRTOS/Source/portable/MemMang/heap_4.o
                0x000000000801ad28                pvPortMalloc
 .text.vPortFree
                0x000000000801aec0       0xc4 ./Middlewares/Third_Party/FreeRTOS/Source/portable/MemMang/heap_4.o
                0x000000000801aec0                vPortFree
 .text.prvHeapInit
                0x000000000801af84       0xc4 ./Middlewares/Third_Party/FreeRTOS/Source/portable/MemMang/heap_4.o
 .text.prvInsertBlockIntoFreeList
                0x000000000801b048       0xb4 ./Middlewares/Third_Party/FreeRTOS/Source/portable/MemMang/heap_4.o
 .text.ThreadArmingTask
                0x000000000801b0fc      0x5a4 ./User/ArmingTask.o
                0x000000000801b0fc                ThreadArmingTask
 .text.ThreadCallRingCenterTask
                0x000000000801b6a0       0x50 ./User/CallRingCenteerTask.o
                0x000000000801b6a0                ThreadCallRingCenterTask
 .text.ThreadDisplayTask
                0x000000000801b6f0     0x1748 ./User/DisplayTask.o
                0x000000000801b6f0                ThreadDisplayTask
 .text.ThreadEventWriteTask
                0x000000000801ce38      0x468 ./User/EventWriteTask.o
                0x000000000801ce38                ThreadEventWriteTask
 .text.ThreadIbuttonTask
                0x000000000801d2a0      0x37c ./User/IbuttonTask.o
                0x000000000801d2a0                ThreadIbuttonTask
 .text.ThreadLedTask
                0x000000000801d61c      0x10c ./User/LedTask .o
                0x000000000801d61c                ThreadLedTask
 .text.ThreadM95Task
                0x000000000801d728      0x44c ./User/M95Task.o
                0x000000000801d728                ThreadM95Task
 .text.__NVIC_SystemReset
                0x000000000801db74       0x2c ./User/MainTask.o
 .text.ThreadMainTask
                0x000000000801dba0      0x8d0 ./User/MainTask.o
                0x000000000801dba0                ThreadMainTask
 .text.ThreadMeterTask
                0x000000000801e470      0x17c ./User/MeterTask.o
                0x000000000801e470                ThreadMeterTask
 .text.ThreadModbusPacketTask
                0x000000000801e5ec      0x484 ./User/ModbusPacketTask.o
                0x000000000801e5ec                ThreadModbusPacketTask
 .text.ThreadModbusTask
                0x000000000801ea70      0x4a0 ./User/ModbusTask.o
                0x000000000801ea70                ThreadModbusTask
 .text.ThreadReadRegistersTask
                0x000000000801ef10       0xac ./User/ReadRegistersTask.o
                0x000000000801ef10                ThreadReadRegistersTask
 .text.ThreadSecurityTask
                0x000000000801efbc     0x1a88 ./User/SecurityTask.o
                0x000000000801efbc                ThreadSecurityTask
 .text.meter_rx_buffer_clear
                0x0000000008020a44       0x34 ./User/ce303.o
                0x0000000008020a44                meter_rx_buffer_clear
 .text.ce303_voltage
                0x0000000008020a78     0x1498 ./User/ce303.o
                0x0000000008020a78                ce303_voltage
 .text.ce303_current
                0x0000000008021f10     0x1494 ./User/ce303.o
                0x0000000008021f10                ce303_current
 .text.ce303_power
                0x00000000080233a4     0x1498 ./User/ce303.o
                0x00000000080233a4                ce303_power
 .text.ce303_tarif
                0x000000000802483c     0x2478 ./User/ce303.o
                0x000000000802483c                ce303_tarif
 .text.LED1_A2_ON
                0x0000000008026cb4       0x20 ./User/da04_11gwa.o
                0x0000000008026cb4                LED1_A2_ON
 .text.LED1_A2_OFF
                0x0000000008026cd4       0x20 ./User/da04_11gwa.o
                0x0000000008026cd4                LED1_A2_OFF
 .text.LED1_B2_ON
                0x0000000008026cf4       0x20 ./User/da04_11gwa.o
                0x0000000008026cf4                LED1_B2_ON
 .text.LED1_B2_OFF
                0x0000000008026d14       0x20 ./User/da04_11gwa.o
                0x0000000008026d14                LED1_B2_OFF
 .text.LED1_C2_ON
                0x0000000008026d34       0x20 ./User/da04_11gwa.o
                0x0000000008026d34                LED1_C2_ON
 .text.LED1_C2_OFF
                0x0000000008026d54       0x20 ./User/da04_11gwa.o
                0x0000000008026d54                LED1_C2_OFF
 .text.LED1_D2_ON
                0x0000000008026d74       0x20 ./User/da04_11gwa.o
                0x0000000008026d74                LED1_D2_ON
 .text.LED1_D2_OFF
                0x0000000008026d94       0x20 ./User/da04_11gwa.o
                0x0000000008026d94                LED1_D2_OFF
 .text.LED1_E2_ON
                0x0000000008026db4       0x20 ./User/da04_11gwa.o
                0x0000000008026db4                LED1_E2_ON
 .text.LED1_E2_OFF
                0x0000000008026dd4       0x20 ./User/da04_11gwa.o
                0x0000000008026dd4                LED1_E2_OFF
 .text.LED1_F2_ON
                0x0000000008026df4       0x20 ./User/da04_11gwa.o
                0x0000000008026df4                LED1_F2_ON
 .text.LED1_F2_OFF
                0x0000000008026e14       0x20 ./User/da04_11gwa.o
                0x0000000008026e14                LED1_F2_OFF
 .text.LED1_G2_ON
                0x0000000008026e34       0x20 ./User/da04_11gwa.o
                0x0000000008026e34                LED1_G2_ON
 .text.LED1_G2_OFF
                0x0000000008026e54       0x20 ./User/da04_11gwa.o
                0x0000000008026e54                LED1_G2_OFF
 .text.LED1_A1_ON
                0x0000000008026e74       0x20 ./User/da04_11gwa.o
                0x0000000008026e74                LED1_A1_ON
 .text.LED1_A1_OFF
                0x0000000008026e94       0x20 ./User/da04_11gwa.o
                0x0000000008026e94                LED1_A1_OFF
 .text.LED1_B1_ON
                0x0000000008026eb4       0x20 ./User/da04_11gwa.o
                0x0000000008026eb4                LED1_B1_ON
 .text.LED1_B1_OFF
                0x0000000008026ed4       0x20 ./User/da04_11gwa.o
                0x0000000008026ed4                LED1_B1_OFF
 .text.LED1_C1_ON
                0x0000000008026ef4       0x20 ./User/da04_11gwa.o
                0x0000000008026ef4                LED1_C1_ON
 .text.LED1_C1_OFF
                0x0000000008026f14       0x20 ./User/da04_11gwa.o
                0x0000000008026f14                LED1_C1_OFF
 .text.LED1_D1_ON
                0x0000000008026f34       0x20 ./User/da04_11gwa.o
                0x0000000008026f34                LED1_D1_ON
 .text.LED1_D1_OFF
                0x0000000008026f54       0x20 ./User/da04_11gwa.o
                0x0000000008026f54                LED1_D1_OFF
 .text.LED1_E1_ON
                0x0000000008026f74       0x20 ./User/da04_11gwa.o
                0x0000000008026f74                LED1_E1_ON
 .text.LED1_E1_OFF
                0x0000000008026f94       0x20 ./User/da04_11gwa.o
                0x0000000008026f94                LED1_E1_OFF
 .text.LED1_F1_ON
                0x0000000008026fb4       0x20 ./User/da04_11gwa.o
                0x0000000008026fb4                LED1_F1_ON
 .text.LED1_F1_OFF
                0x0000000008026fd4       0x20 ./User/da04_11gwa.o
                0x0000000008026fd4                LED1_F1_OFF
 .text.LED1_G1_ON
                0x0000000008026ff4       0x20 ./User/da04_11gwa.o
                0x0000000008026ff4                LED1_G1_ON
 .text.LED1_G1_OFF
                0x0000000008027014       0x20 ./User/da04_11gwa.o
                0x0000000008027014                LED1_G1_OFF
 .text.LED2_A2_ON
                0x0000000008027034       0x20 ./User/da04_11gwa.o
                0x0000000008027034                LED2_A2_ON
 .text.LED2_A2_OFF
                0x0000000008027054       0x20 ./User/da04_11gwa.o
                0x0000000008027054                LED2_A2_OFF
 .text.LED2_B2_ON
                0x0000000008027074       0x20 ./User/da04_11gwa.o
                0x0000000008027074                LED2_B2_ON
 .text.LED2_B2_OFF
                0x0000000008027094       0x20 ./User/da04_11gwa.o
                0x0000000008027094                LED2_B2_OFF
 .text.LED2_C2_ON
                0x00000000080270b4       0x20 ./User/da04_11gwa.o
                0x00000000080270b4                LED2_C2_ON
 .text.LED2_C2_OFF
                0x00000000080270d4       0x20 ./User/da04_11gwa.o
                0x00000000080270d4                LED2_C2_OFF
 .text.LED2_D2_ON
                0x00000000080270f4       0x20 ./User/da04_11gwa.o
                0x00000000080270f4                LED2_D2_ON
 .text.LED2_D2_OFF
                0x0000000008027114       0x20 ./User/da04_11gwa.o
                0x0000000008027114                LED2_D2_OFF
 .text.LED2_E2_ON
                0x0000000008027134       0x20 ./User/da04_11gwa.o
                0x0000000008027134                LED2_E2_ON
 .text.LED2_E2_OFF
                0x0000000008027154       0x20 ./User/da04_11gwa.o
                0x0000000008027154                LED2_E2_OFF
 .text.LED2_F2_ON
                0x0000000008027174       0x20 ./User/da04_11gwa.o
                0x0000000008027174                LED2_F2_ON
 .text.LED2_F2_OFF
                0x0000000008027194       0x20 ./User/da04_11gwa.o
                0x0000000008027194                LED2_F2_OFF
 .text.LED2_G2_ON
                0x00000000080271b4       0x20 ./User/da04_11gwa.o
                0x00000000080271b4                LED2_G2_ON
 .text.LED2_G2_OFF
                0x00000000080271d4       0x20 ./User/da04_11gwa.o
                0x00000000080271d4                LED2_G2_OFF
 .text.LED2_A1_ON
                0x00000000080271f4       0x20 ./User/da04_11gwa.o
                0x00000000080271f4                LED2_A1_ON
 .text.LED2_A1_OFF
                0x0000000008027214       0x20 ./User/da04_11gwa.o
                0x0000000008027214                LED2_A1_OFF
 .text.LED2_B1_ON
                0x0000000008027234       0x20 ./User/da04_11gwa.o
                0x0000000008027234                LED2_B1_ON
 .text.LED2_B1_OFF
                0x0000000008027254       0x20 ./User/da04_11gwa.o
                0x0000000008027254                LED2_B1_OFF
 .text.LED2_C1_ON
                0x0000000008027274       0x20 ./User/da04_11gwa.o
                0x0000000008027274                LED2_C1_ON
 .text.LED2_C1_OFF
                0x0000000008027294       0x20 ./User/da04_11gwa.o
                0x0000000008027294                LED2_C1_OFF
 .text.LED2_D1_ON
                0x00000000080272b4       0x20 ./User/da04_11gwa.o
                0x00000000080272b4                LED2_D1_ON
 .text.LED2_D1_OFF
                0x00000000080272d4       0x20 ./User/da04_11gwa.o
                0x00000000080272d4                LED2_D1_OFF
 .text.LED2_E1_ON
                0x00000000080272f4       0x20 ./User/da04_11gwa.o
                0x00000000080272f4                LED2_E1_ON
 .text.LED2_E1_OFF
                0x0000000008027314       0x20 ./User/da04_11gwa.o
                0x0000000008027314                LED2_E1_OFF
 .text.LED2_F1_ON
                0x0000000008027334       0x20 ./User/da04_11gwa.o
                0x0000000008027334                LED2_F1_ON
 .text.LED2_F1_OFF
                0x0000000008027354       0x20 ./User/da04_11gwa.o
                0x0000000008027354                LED2_F1_OFF
 .text.LED2_G1_ON
                0x0000000008027374       0x20 ./User/da04_11gwa.o
                0x0000000008027374                LED2_G1_ON
 .text.LED2_G1_OFF
                0x0000000008027394       0x20 ./User/da04_11gwa.o
                0x0000000008027394                LED2_G1_OFF
 .text.dig1_set_0
                0x00000000080273b4       0x24 ./User/da04_11gwa.o
                0x00000000080273b4                dig1_set_0
 .text.dig1_set_1
                0x00000000080273d8       0x24 ./User/da04_11gwa.o
                0x00000000080273d8                dig1_set_1
 .text.dig1_set_2
                0x00000000080273fc       0x24 ./User/da04_11gwa.o
                0x00000000080273fc                dig1_set_2
 .text.dig1_set_3
                0x0000000008027420       0x24 ./User/da04_11gwa.o
                0x0000000008027420                dig1_set_3
 .text.dig1_set_4
                0x0000000008027444       0x24 ./User/da04_11gwa.o
                0x0000000008027444                dig1_set_4
 .text.dig1_set_5
                0x0000000008027468       0x24 ./User/da04_11gwa.o
                0x0000000008027468                dig1_set_5
 .text.dig1_set_6
                0x000000000802748c       0x24 ./User/da04_11gwa.o
                0x000000000802748c                dig1_set_6
 .text.dig1_set_7
                0x00000000080274b0       0x24 ./User/da04_11gwa.o
                0x00000000080274b0                dig1_set_7
 .text.dig1_set_8
                0x00000000080274d4       0x24 ./User/da04_11gwa.o
                0x00000000080274d4                dig1_set_8
 .text.dig1_set_9
                0x00000000080274f8       0x24 ./User/da04_11gwa.o
                0x00000000080274f8                dig1_set_9
 .text.dig1_set_off
                0x000000000802751c       0x24 ./User/da04_11gwa.o
                0x000000000802751c                dig1_set_off
 .text.dig2_set_0
                0x0000000008027540       0x24 ./User/da04_11gwa.o
                0x0000000008027540                dig2_set_0
 .text.dig2_set_1
                0x0000000008027564       0x24 ./User/da04_11gwa.o
                0x0000000008027564                dig2_set_1
 .text.dig2_set_2
                0x0000000008027588       0x24 ./User/da04_11gwa.o
                0x0000000008027588                dig2_set_2
 .text.dig2_set_3
                0x00000000080275ac       0x24 ./User/da04_11gwa.o
                0x00000000080275ac                dig2_set_3
 .text.dig2_set_4
                0x00000000080275d0       0x24 ./User/da04_11gwa.o
                0x00000000080275d0                dig2_set_4
 .text.dig2_set_5
                0x00000000080275f4       0x24 ./User/da04_11gwa.o
                0x00000000080275f4                dig2_set_5
 .text.dig2_set_6
                0x0000000008027618       0x24 ./User/da04_11gwa.o
                0x0000000008027618                dig2_set_6
 .text.dig2_set_7
                0x000000000802763c       0x24 ./User/da04_11gwa.o
                0x000000000802763c                dig2_set_7
 .text.dig2_set_8
                0x0000000008027660       0x24 ./User/da04_11gwa.o
                0x0000000008027660                dig2_set_8
 .text.dig2_set_9
                0x0000000008027684       0x24 ./User/da04_11gwa.o
                0x0000000008027684                dig2_set_9
 .text.dig3_set_0
                0x00000000080276a8       0x24 ./User/da04_11gwa.o
                0x00000000080276a8                dig3_set_0
 .text.dig3_set_1
                0x00000000080276cc       0x24 ./User/da04_11gwa.o
                0x00000000080276cc                dig3_set_1
 .text.dig3_set_2
                0x00000000080276f0       0x24 ./User/da04_11gwa.o
                0x00000000080276f0                dig3_set_2
 .text.dig3_set_3
                0x0000000008027714       0x24 ./User/da04_11gwa.o
                0x0000000008027714                dig3_set_3
 .text.dig3_set_4
                0x0000000008027738       0x24 ./User/da04_11gwa.o
                0x0000000008027738                dig3_set_4
 .text.dig3_set_5
                0x000000000802775c       0x24 ./User/da04_11gwa.o
                0x000000000802775c                dig3_set_5
 .text.dig3_set_6
                0x0000000008027780       0x24 ./User/da04_11gwa.o
                0x0000000008027780                dig3_set_6
 .text.dig3_set_7
                0x00000000080277a4       0x24 ./User/da04_11gwa.o
                0x00000000080277a4                dig3_set_7
 .text.dig3_set_8
                0x00000000080277c8       0x24 ./User/da04_11gwa.o
                0x00000000080277c8                dig3_set_8
 .text.dig3_set_9
                0x00000000080277ec       0x24 ./User/da04_11gwa.o
                0x00000000080277ec                dig3_set_9
 .text.dig4_set_0
                0x0000000008027810       0x24 ./User/da04_11gwa.o
                0x0000000008027810                dig4_set_0
 .text.dig4_set_1
                0x0000000008027834       0x24 ./User/da04_11gwa.o
                0x0000000008027834                dig4_set_1
 .text.dig4_set_2
                0x0000000008027858       0x24 ./User/da04_11gwa.o
                0x0000000008027858                dig4_set_2
 .text.dig4_set_3
                0x000000000802787c       0x24 ./User/da04_11gwa.o
                0x000000000802787c                dig4_set_3
 .text.dig4_set_4
                0x00000000080278a0       0x24 ./User/da04_11gwa.o
                0x00000000080278a0                dig4_set_4
 .text.dig4_set_5
                0x00000000080278c4       0x24 ./User/da04_11gwa.o
                0x00000000080278c4                dig4_set_5
 .text.dig4_set_6
                0x00000000080278e8       0x24 ./User/da04_11gwa.o
                0x00000000080278e8                dig4_set_6
 .text.dig4_set_7
                0x000000000802790c       0x24 ./User/da04_11gwa.o
                0x000000000802790c                dig4_set_7
 .text.dig4_set_8
                0x0000000008027930       0x24 ./User/da04_11gwa.o
                0x0000000008027930                dig4_set_8
 .text.dig4_set_9
                0x0000000008027954       0x24 ./User/da04_11gwa.o
                0x0000000008027954                dig4_set_9
 .text.dig1_set_y
                0x0000000008027978       0x24 ./User/da04_11gwa.o
                0x0000000008027978                dig1_set_y
 .text.dig1_set_a
                0x000000000802799c       0x24 ./User/da04_11gwa.o
                0x000000000802799c                dig1_set_a
 .text.dig1_set_p
                0x00000000080279c0       0x24 ./User/da04_11gwa.o
                0x00000000080279c0                dig1_set_p
 .text.dig1_set_dash
                0x00000000080279e4       0x24 ./User/da04_11gwa.o
                0x00000000080279e4                dig1_set_dash
 .text.dig1_set_b
                0x0000000008027a08       0x24 ./User/da04_11gwa.o
                0x0000000008027a08                dig1_set_b
 .text.dig1_set
                0x0000000008027a2c       0x88 ./User/da04_11gwa.o
                0x0000000008027a2c                dig1_set
 .text.dig2_set
                0x0000000008027ab4       0x88 ./User/da04_11gwa.o
                0x0000000008027ab4                dig2_set
 .text.dig3_set
                0x0000000008027b3c       0x88 ./User/da04_11gwa.o
                0x0000000008027b3c                dig3_set
 .text.dig4_set
                0x0000000008027bc4       0x88 ./User/da04_11gwa.o
                0x0000000008027bc4                dig4_set
 .text.minute_display
                0x0000000008027c4c       0x44 ./User/da04_11gwa.o
                0x0000000008027c4c                minute_display
 .text.hour_display
                0x0000000008027c90       0x44 ./User/da04_11gwa.o
                0x0000000008027c90                hour_display
 .text.status_register_display
                0x0000000008027cd4      0x1c0 ./User/da04_11gwa.o
                0x0000000008027cd4                status_register_display
 .text.control_register_display
                0x0000000008027e94      0x1c0 ./User/da04_11gwa.o
                0x0000000008027e94                control_register_display
 .text.number_display
                0x0000000008028054      0x1c0 ./User/da04_11gwa.o
                0x0000000008028054                number_display
 .text.number_change_display
                0x0000000008028214      0x1c0 ./User/da04_11gwa.o
                0x0000000008028214                number_change_display
 .text.ibutton_a_register_display
                0x00000000080283d4      0x1c0 ./User/da04_11gwa.o
                0x00000000080283d4                ibutton_a_register_display
 .text.ibutton_b_register_display
                0x0000000008028594      0x1c0 ./User/da04_11gwa.o
                0x0000000008028594                ibutton_b_register_display
 .text.fm25v02_read
                0x0000000008028754       0x74 ./User/fm25v02.o
                0x0000000008028754                fm25v02_read
 .text.fm25v02_write
                0x00000000080287c8       0x98 ./User/fm25v02.o
                0x00000000080287c8                fm25v02_write
 .text.fm25v02_fast_write
                0x0000000008028860       0x48 ./User/fm25v02.o
                0x0000000008028860                fm25v02_fast_write
 .text.fm25v02_fast_read
                0x00000000080288a8       0x7c ./User/fm25v02.o
                0x00000000080288a8                fm25v02_fast_read
 .text.BUZ_ON   0x0000000008028924       0x18 ./User/gpio.o
                0x0000000008028924                BUZ_ON
 .text.BUZ_OFF  0x000000000802893c       0x18 ./User/gpio.o
                0x000000000802893c                BUZ_OFF
 .text.LED_OUT_ON
                0x0000000008028954       0x18 ./User/gpio.o
                0x0000000008028954                LED_OUT_ON
 .text.LED_OUT_OFF
                0x000000000802896c       0x18 ./User/gpio.o
                0x000000000802896c                LED_OUT_OFF
 .text.LED_OUT_TOGGLE
                0x0000000008028984       0x18 ./User/gpio.o
                0x0000000008028984                LED_OUT_TOGGLE
 .text.LED1_OFF
                0x000000000802899c       0x18 ./User/gpio.o
                0x000000000802899c                LED1_OFF
 .text.LED1_ON  0x00000000080289b4       0x18 ./User/gpio.o
                0x00000000080289b4                LED1_ON
 .text.LED2_OFF
                0x00000000080289cc       0x18 ./User/gpio.o
                0x00000000080289cc                LED2_OFF
 .text.LED2_ON  0x00000000080289e4       0x18 ./User/gpio.o
                0x00000000080289e4                LED2_ON
 .text.LED2_TOGGLE
                0x00000000080289fc       0x14 ./User/gpio.o
                0x00000000080289fc                LED2_TOGGLE
 .text.calc_crc
                0x0000000008028a10       0x78 ./User/ibutton.o
                0x0000000008028a10                calc_crc
 .text.ibutton_reset
                0x0000000008028a88       0x58 ./User/ibutton.o
                0x0000000008028a88                ibutton_reset
 .text.ibutton_read_rom
                0x0000000008028ae0      0x354 ./User/ibutton.o
                0x0000000008028ae0                ibutton_read_rom
 .text.ibutton_search_rom
                0x0000000008028e34       0xa4 ./User/ibutton.o
                0x0000000008028e34                ibutton_search_rom
 .text.find_str
                0x0000000008028ed8       0x68 ./User/m95.o
                0x0000000008028ed8                find_str
 .text.m95_power_on
                0x0000000008028f40       0x40 ./User/m95.o
                0x0000000008028f40                m95_power_on
 .text.m95_power_off
                0x0000000008028f80       0x40 ./User/m95.o
                0x0000000008028f80                m95_power_off
 .text.modem_rx_buffer_clear
                0x0000000008028fc0       0x34 ./User/m95.o
                0x0000000008028fc0                modem_rx_buffer_clear
 .text.ATE0     0x0000000008028ff4       0xac ./User/m95.o
                0x0000000008028ff4                ATE0
 .text.AT       0x00000000080290a0       0xac ./User/m95.o
                0x00000000080290a0                AT
 .text.request_to_server
                0x000000000802914c       0x38 ./User/m95.o
                0x000000000802914c                request_to_server
 .text.AT_CSQ   0x0000000008029184       0xfc ./User/m95.o
                0x0000000008029184                AT_CSQ
 .text.AT_CIPSTATUS
                0x0000000008029280      0x278 ./User/m95.o
                0x0000000008029280                AT_CIPSTATUS
 .text.AT_CSTT  0x00000000080294f8       0xf8 ./User/m95.o
                0x00000000080294f8                AT_CSTT
 .text.AT_CIICR
                0x00000000080295f0       0xd4 ./User/m95.o
                0x00000000080295f0                AT_CIICR
 .text.AT_CIFSR
                0x00000000080296c4       0xd4 ./User/m95.o
                0x00000000080296c4                AT_CIFSR
 .text.AT_CIPSTART
                0x0000000008029798      0x19c ./User/m95.o
                0x0000000008029798                AT_CIPSTART
 .text.AT_CIPSEND
                0x0000000008029934      0x128 ./User/m95.o
                0x0000000008029934                AT_CIPSEND
 .text.AT_CIPSHUT
                0x0000000008029a5c       0xd4 ./User/m95.o
                0x0000000008029a5c                AT_CIPSHUT
 .text.AT_CCID  0x0000000008029b30      0x714 ./User/m95.o
                0x0000000008029b30                AT_CCID
 .text.read_status_registers
                0x000000000802a244      0xc18 ./User/modbus.o
                0x000000000802a244                read_status_registers
 .text.read_control_registers
                0x000000000802ae5c      0x574 ./User/modbus.o
                0x000000000802ae5c                read_control_registers
 .text.read_bootloader_registers
                0x000000000802b3d0       0x5c ./User/modbus.o
                0x000000000802b3d0                read_bootloader_registers
 .text.read_ibutton_registers
                0x000000000802b42c    0x12034 ./User/modbus.o
                0x000000000802b42c                read_ibutton_registers
 .text.CRC16    0x000000000803d460       0x64 ./User/modbus.o
                0x000000000803d460                CRC16
 .text.__errno  0x000000000803d4c4        0xc c:/st/stm32cubeide_1.8.0/stm32cubeide/plugins/com.st.stm32cube.ide.mcu.externaltools.gnu-tools-for-stm32.9-2020-q2-update.win32_2.0.0.202105311346/tools/bin/../lib/gcc/arm-none-eabi/9.3.1/../../../../arm-none-eabi/lib/thumb/v7e-m+fp/hard\libc_nano.a(lib_a-errno.o)
                0x000000000803d4c4                __errno
 .text.std      0x000000000803d4d0       0x48 c:/st/stm32cubeide_1.8.0/stm32cubeide/plugins/com.st.stm32cube.ide.mcu.externaltools.gnu-tools-for-stm32.9-2020-q2-update.win32_2.0.0.202105311346/tools/bin/../lib/gcc/arm-none-eabi/9.3.1/../../../../arm-none-eabi/lib/thumb/v7e-m+fp/hard\libc_nano.a(lib_a-findfp.o)
 .text._cleanup_r
                0x000000000803d518        0xc c:/st/stm32cubeide_1.8.0/stm32cubeide/plugins/com.st.stm32cube.ide.mcu.externaltools.gnu-tools-for-stm32.9-2020-q2-update.win32_2.0.0.202105311346/tools/bin/../lib/gcc/arm-none-eabi/9.3.1/../../../../arm-none-eabi/lib/thumb/v7e-m+fp/hard\libc_nano.a(lib_a-findfp.o)
                0x000000000803d518                _cleanup_r
 .text.__sfmoreglue
                0x000000000803d524       0x2c c:/st/stm32cubeide_1.8.0/stm32cubeide/plugins/com.st.stm32cube.ide.mcu.externaltools.gnu-tools-for-stm32.9-2020-q2-update.win32_2.0.0.202105311346/tools/bin/../lib/gcc/arm-none-eabi/9.3.1/../../../../arm-none-eabi/lib/thumb/v7e-m+fp/hard\libc_nano.a(lib_a-findfp.o)
                0x000000000803d524                __sfmoreglue
 .text.__sfp_lock_acquire
                0x000000000803d550        0xc c:/st/stm32cubeide_1.8.0/stm32cubeide/plugins/com.st.stm32cube.ide.mcu.externaltools.gnu-tools-for-stm32.9-2020-q2-update.win32_2.0.0.202105311346/tools/bin/../lib/gcc/arm-none-eabi/9.3.1/../../../../arm-none-eabi/lib/thumb/v7e-m+fp/hard\libc_nano.a(lib_a-findfp.o)
                0x000000000803d550                __sfp_lock_acquire
 .text.__sfp_lock_release
                0x000000000803d55c        0xc c:/st/stm32cubeide_1.8.0/stm32cubeide/plugins/com.st.stm32cube.ide.mcu.externaltools.gnu-tools-for-stm32.9-2020-q2-update.win32_2.0.0.202105311346/tools/bin/../lib/gcc/arm-none-eabi/9.3.1/../../../../arm-none-eabi/lib/thumb/v7e-m+fp/hard\libc_nano.a(lib_a-findfp.o)
                0x000000000803d55c                __sfp_lock_release
 .text.__sinit_lock_acquire
                0x000000000803d568        0xc c:/st/stm32cubeide_1.8.0/stm32cubeide/plugins/com.st.stm32cube.ide.mcu.externaltools.gnu-tools-for-stm32.9-2020-q2-update.win32_2.0.0.202105311346/tools/bin/../lib/gcc/arm-none-eabi/9.3.1/../../../../arm-none-eabi/lib/thumb/v7e-m+fp/hard\libc_nano.a(lib_a-findfp.o)
                0x000000000803d568                __sinit_lock_acquire
 .text.__sinit_lock_release
                0x000000000803d574        0xc c:/st/stm32cubeide_1.8.0/stm32cubeide/plugins/com.st.stm32cube.ide.mcu.externaltools.gnu-tools-for-stm32.9-2020-q2-update.win32_2.0.0.202105311346/tools/bin/../lib/gcc/arm-none-eabi/9.3.1/../../../../arm-none-eabi/lib/thumb/v7e-m+fp/hard\libc_nano.a(lib_a-findfp.o)
                0x000000000803d574                __sinit_lock_release
 .text.__sinit  0x000000000803d580       0x70 c:/st/stm32cubeide_1.8.0/stm32cubeide/plugins/com.st.stm32cube.ide.mcu.externaltools.gnu-tools-for-stm32.9-2020-q2-update.win32_2.0.0.202105311346/tools/bin/../lib/gcc/arm-none-eabi/9.3.1/../../../../arm-none-eabi/lib/thumb/v7e-m+fp/hard\libc_nano.a(lib_a-findfp.o)
                0x000000000803d580                __sinit
 .text.__sfp    0x000000000803d5f0       0x8c c:/st/stm32cubeide_1.8.0/stm32cubeide/plugins/com.st.stm32cube.ide.mcu.externaltools.gnu-tools-for-stm32.9-2020-q2-update.win32_2.0.0.202105311346/tools/bin/../lib/gcc/arm-none-eabi/9.3.1/../../../../arm-none-eabi/lib/thumb/v7e-m+fp/hard\libc_nano.a(lib_a-findfp.o)
                0x000000000803d5f0                __sfp
 .text._fwalk_reent
                0x000000000803d67c       0x3e c:/st/stm32cubeide_1.8.0/stm32cubeide/plugins/com.st.stm32cube.ide.mcu.externaltools.gnu-tools-for-stm32.9-2020-q2-update.win32_2.0.0.202105311346/tools/bin/../lib/gcc/arm-none-eabi/9.3.1/../../../../arm-none-eabi/lib/thumb/v7e-m+fp/hard\libc_nano.a(lib_a-fwalk.o)
                0x000000000803d67c                _fwalk_reent
 *fill*         0x000000000803d6ba        0x2 
 .text.__libc_init_array
                0x000000000803d6bc       0x48 c:/st/stm32cubeide_1.8.0/stm32cubeide/plugins/com.st.stm32cube.ide.mcu.externaltools.gnu-tools-for-stm32.9-2020-q2-update.win32_2.0.0.202105311346/tools/bin/../lib/gcc/arm-none-eabi/9.3.1/../../../../arm-none-eabi/lib/thumb/v7e-m+fp/hard\libc_nano.a(lib_a-init.o)
                0x000000000803d6bc                __libc_init_array
 .text.__retarget_lock_init_recursive
                0x000000000803d704        0x2 c:/st/stm32cubeide_1.8.0/stm32cubeide/plugins/com.st.stm32cube.ide.mcu.externaltools.gnu-tools-for-stm32.9-2020-q2-update.win32_2.0.0.202105311346/tools/bin/../lib/gcc/arm-none-eabi/9.3.1/../../../../arm-none-eabi/lib/thumb/v7e-m+fp/hard\libc_nano.a(lib_a-lock.o)
                0x000000000803d704                __retarget_lock_init_recursive
 .text.__retarget_lock_acquire_recursive
                0x000000000803d706        0x2 c:/st/stm32cubeide_1.8.0/stm32cubeide/plugins/com.st.stm32cube.ide.mcu.externaltools.gnu-tools-for-stm32.9-2020-q2-update.win32_2.0.0.202105311346/tools/bin/../lib/gcc/arm-none-eabi/9.3.1/../../../../arm-none-eabi/lib/thumb/v7e-m+fp/hard\libc_nano.a(lib_a-lock.o)
                0x000000000803d706                __retarget_lock_acquire_recursive
 .text.__retarget_lock_release_recursive
                0x000000000803d708        0x2 c:/st/stm32cubeide_1.8.0/stm32cubeide/plugins/com.st.stm32cube.ide.mcu.externaltools.gnu-tools-for-stm32.9-2020-q2-update.win32_2.0.0.202105311346/tools/bin/../lib/gcc/arm-none-eabi/9.3.1/../../../../arm-none-eabi/lib/thumb/v7e-m+fp/hard\libc_nano.a(lib_a-lock.o)
                0x000000000803d708                __retarget_lock_release_recursive
 .text.memcpy   0x000000000803d70a       0x1c c:/st/stm32cubeide_1.8.0/stm32cubeide/plugins/com.st.stm32cube.ide.mcu.externaltools.gnu-tools-for-stm32.9-2020-q2-update.win32_2.0.0.202105311346/tools/bin/../lib/gcc/arm-none-eabi/9.3.1/../../../../arm-none-eabi/lib/thumb/v7e-m+fp/hard\libc_nano.a(lib_a-memcpy-stub.o)
                0x000000000803d70a                memcpy
 .text.memset   0x000000000803d726       0x10 c:/st/stm32cubeide_1.8.0/stm32cubeide/plugins/com.st.stm32cube.ide.mcu.externaltools.gnu-tools-for-stm32.9-2020-q2-update.win32_2.0.0.202105311346/tools/bin/../lib/gcc/arm-none-eabi/9.3.1/../../../../arm-none-eabi/lib/thumb/v7e-m+fp/hard\libc_nano.a(lib_a-memset.o)
                0x000000000803d726                memset
 *fill*         0x000000000803d736        0x2 
 .text._malloc_r
                0x000000000803d738       0xb4 c:/st/stm32cubeide_1.8.0/stm32cubeide/plugins/com.st.stm32cube.ide.mcu.externaltools.gnu-tools-for-stm32.9-2020-q2-update.win32_2.0.0.202105311346/tools/bin/../lib/gcc/arm-none-eabi/9.3.1/../../../../arm-none-eabi/lib/thumb/v7e-m+fp/hard\libc_nano.a(lib_a-nano-mallocr.o)
                0x000000000803d738                _malloc_r
 .text._puts_r  0x000000000803d7ec       0xdc c:/st/stm32cubeide_1.8.0/stm32cubeide/plugins/com.st.stm32cube.ide.mcu.externaltools.gnu-tools-for-stm32.9-2020-q2-update.win32_2.0.0.202105311346/tools/bin/../lib/gcc/arm-none-eabi/9.3.1/../../../../arm-none-eabi/lib/thumb/v7e-m+fp/hard\libc_nano.a(lib_a-puts.o)
                0x000000000803d7ec                _puts_r
 .text.puts     0x000000000803d8c8       0x10 c:/st/stm32cubeide_1.8.0/stm32cubeide/plugins/com.st.stm32cube.ide.mcu.externaltools.gnu-tools-for-stm32.9-2020-q2-update.win32_2.0.0.202105311346/tools/bin/../lib/gcc/arm-none-eabi/9.3.1/../../../../arm-none-eabi/lib/thumb/v7e-m+fp/hard\libc_nano.a(lib_a-puts.o)
                0x000000000803d8c8                puts
 .text.cleanup_glue
                0x000000000803d8d8       0x1a c:/st/stm32cubeide_1.8.0/stm32cubeide/plugins/com.st.stm32cube.ide.mcu.externaltools.gnu-tools-for-stm32.9-2020-q2-update.win32_2.0.0.202105311346/tools/bin/../lib/gcc/arm-none-eabi/9.3.1/../../../../arm-none-eabi/lib/thumb/v7e-m+fp/hard\libc_nano.a(lib_a-reent.o)
                0x000000000803d8d8                cleanup_glue
 *fill*         0x000000000803d8f2        0x2 
 .text._reclaim_reent
                0x000000000803d8f4       0xb8 c:/st/stm32cubeide_1.8.0/stm32cubeide/plugins/com.st.stm32cube.ide.mcu.externaltools.gnu-tools-for-stm32.9-2020-q2-update.win32_2.0.0.202105311346/tools/bin/../lib/gcc/arm-none-eabi/9.3.1/../../../../arm-none-eabi/lib/thumb/v7e-m+fp/hard\libc_nano.a(lib_a-reent.o)
                0x000000000803d8f4                _reclaim_reent
 .text._sbrk_r  0x000000000803d9ac       0x20 c:/st/stm32cubeide_1.8.0/stm32cubeide/plugins/com.st.stm32cube.ide.mcu.externaltools.gnu-tools-for-stm32.9-2020-q2-update.win32_2.0.0.202105311346/tools/bin/../lib/gcc/arm-none-eabi/9.3.1/../../../../arm-none-eabi/lib/thumb/v7e-m+fp/hard\libc_nano.a(lib_a-sbrkr.o)
                0x000000000803d9ac                _sbrk_r
 .text.sprintf  0x000000000803d9cc       0x40 c:/st/stm32cubeide_1.8.0/stm32cubeide/plugins/com.st.stm32cube.ide.mcu.externaltools.gnu-tools-for-stm32.9-2020-q2-update.win32_2.0.0.202105311346/tools/bin/../lib/gcc/arm-none-eabi/9.3.1/../../../../arm-none-eabi/lib/thumb/v7e-m+fp/hard\libc_nano.a(lib_a-sprintf.o)
                0x000000000803d9cc                siprintf
                0x000000000803d9cc                sprintf
 .text.__sread  0x000000000803da0c       0x22 c:/st/stm32cubeide_1.8.0/stm32cubeide/plugins/com.st.stm32cube.ide.mcu.externaltools.gnu-tools-for-stm32.9-2020-q2-update.win32_2.0.0.202105311346/tools/bin/../lib/gcc/arm-none-eabi/9.3.1/../../../../arm-none-eabi/lib/thumb/v7e-m+fp/hard\libc_nano.a(lib_a-stdio.o)
                0x000000000803da0c                __sread
 .text.__swrite
                0x000000000803da2e       0x38 c:/st/stm32cubeide_1.8.0/stm32cubeide/plugins/com.st.stm32cube.ide.mcu.externaltools.gnu-tools-for-stm32.9-2020-q2-update.win32_2.0.0.202105311346/tools/bin/../lib/gcc/arm-none-eabi/9.3.1/../../../../arm-none-eabi/lib/thumb/v7e-m+fp/hard\libc_nano.a(lib_a-stdio.o)
                0x000000000803da2e                __swrite
 .text.__sseek  0x000000000803da66       0x24 c:/st/stm32cubeide_1.8.0/stm32cubeide/plugins/com.st.stm32cube.ide.mcu.externaltools.gnu-tools-for-stm32.9-2020-q2-update.win32_2.0.0.202105311346/tools/bin/../lib/gcc/arm-none-eabi/9.3.1/../../../../arm-none-eabi/lib/thumb/v7e-m+fp/hard\libc_nano.a(lib_a-stdio.o)
                0x000000000803da66                __sseek
 .text.__sclose