core_cm4.h:1939:34:__NVIC_SystemReset	4	static,ignoring_inline_asm
main.c:229:6:HAL_UART_TxCpltCallback	16	static
main.c:247:6:HAL_UART_RxCpltCallback	16	static
main.c:321:5:main	512	static
main.c:522:6:SystemClock_Config	88	static
main.c:571:13:MX_ADC1_Init	24	static
main.c:641:13:MX_I2C1_Init	8	static
main.c:675:13:MX_IWDG_Init	8	static
main.c:703:13:MX_RTC_Init	32	static
main.c:766:13:MX_SPI2_Init	8	static
main.c:804:13:MX_SPI3_Init	8	static
main.c:842:13:MX_TIM2_Init	32	static
main.c:887:13:MX_USART1_UART_Init	8	static
main.c:920:13:MX_USART2_UART_Init	8	static
main.c:953:13:MX_USART3_UART_Init	8	static
main.c:986:13:MX_USART6_UART_Init	8	static
main.c:1017:13:MX_DMA_Init	16	static
main.c:1045:13:MX_GPIO_Init	56	static
main.c:1143:6:Callback_AT_Timer	16	static
main.c:1150:6:Callback_Ring_Center_Timer	16	static
main.c:1165:6:StartDefaultTask	16	static
main.c:1187:6:HAL_TIM_PeriodElapsedCallback	16	static
main.c:1560:6:Error_Handler	8	static
