gpio.c:7:6:BUZ_ON	8	static
gpio.c:12:6:BUZ_OFF	8	static
gpio.c:17:6:LED_OUT_ON	8	static
gpio.c:22:6:LED_OUT_OFF	8	static
gpio.c:27:6:LED_OUT_TOGGLE	8	static
gpio.c:32:6:LED_VD3_ON	4	static
gpio.c:37:6:LED_VD3_OFF	4	static
gpio.c:42:6:LED_VD4_ON	4	static
gpio.c:47:6:LED_VD4_OFF	4	static
gpio.c:52:6:LED_VD5_ON	4	static
gpio.c:57:6:LED_VD5_OFF	4	static
gpio.c:62:6:LED_VD3_TOGGLE	8	static
gpio.c:67:6:LED_VD4_TOGGLE	4	static
gpio.c:72:6:LED_VD5_TOGGLE	4	static
gpio.c:77:6:LED1_OFF	8	static
gpio.c:82:6:LED1_ON	8	static
gpio.c:87:6:LED2_OFF	8	static
gpio.c:92:6:LED2_ON	8	static
gpio.c:97:6:LED3_OFF	8	static
gpio.c:102:6:LED3_ON	8	static
gpio.c:107:6:LED4_OFF	8	static
gpio.c:112:6:LED4_ON	8	static
gpio.c:117:6:LED5_OFF	8	static
gpio.c:122:6:LED5_ON	8	static
gpio.c:127:6:LED6_OFF	8	static
gpio.c:132:6:LED6_ON	8	static
gpio.c:137:6:LED7_OFF	8	static
gpio.c:142:6:LED7_ON	8	static
gpio.c:147:6:LED8_OFF	8	static
gpio.c:152:6:LED8_ON	8	static
gpio.c:157:6:LED1_TOGGLE	8	static
gpio.c:162:6:LED2_TOGGLE	8	static
gpio.c:167:6:LED3_TOGGLE	8	static
gpio.c:172:6:LED4_TOGGLE	8	static
gpio.c:177:6:LED5_TOGGLE	8	static
gpio.c:182:6:LED6_TOGGLE	8	static
gpio.c:187:6:LED7_TOGGLE	8	static
gpio.c:192:6:LED8_TOGGLE	8	static
gpio.c:200:6:PHASE_A_ON	8	static
gpio.c:205:6:PHASE_A_OFF	8	static
gpio.c:210:6:PHASE_B_ON	8	static
gpio.c:215:6:PHASE_B_OFF	8	static
gpio.c:220:6:PHASE_C_ON	8	static
gpio.c:225:6:PHASE_C_OFF	8	static
